Archive member included to satisfy reference by file (symbol)

/home/eric/dev/baremetal/nxp-lpc55s69-evk/workspace/LPC55S69_OS/libs/libpower_hardabi.a(fsl_power_lib.o)
                              ./drivers/fsl_clock.o (POWER_SetVoltageForFreq)
/usr/local/mcuxpressoide-11.1.1_3241/ide/plugins/com.nxp.mcuxpresso.tools.linux_11.1.0.202001081728/tools/bin/../lib/gcc/arm-none-eabi/8.3.1/../../../../arm-none-eabi/lib/thumb/v8-m.main+fp/hard/libcr_semihost_nf.a(_cr__main.o)
                              ./startup/startup_lpc55s69_cm33_core0.o (__main)
/usr/local/mcuxpressoide-11.1.1_3241/ide/plugins/com.nxp.mcuxpresso.tools.linux_11.1.0.202001081728/tools/bin/../lib/gcc/arm-none-eabi/8.3.1/../../../../arm-none-eabi/lib/thumb/v8-m.main+fp/hard/libcr_semihost_nf.a(_cr_assert.o)
                              ./utilities/fsl_debug_console.o (__assertion_failed)
/usr/local/mcuxpressoide-11.1.1_3241/ide/plugins/com.nxp.mcuxpresso.tools.linux_11.1.0.202001081728/tools/bin/../lib/gcc/arm-none-eabi/8.3.1/../../../../arm-none-eabi/lib/thumb/v8-m.main+fp/hard/libcr_semihost_nf.a(__ciob.o)
                              /usr/local/mcuxpressoide-11.1.1_3241/ide/plugins/com.nxp.mcuxpresso.tools.linux_11.1.0.202001081728/tools/bin/../lib/gcc/arm-none-eabi/8.3.1/../../../../arm-none-eabi/lib/thumb/v8-m.main+fp/hard/libcr_semihost_nf.a(_cr_assert.o) (__Ciob)
/usr/local/mcuxpressoide-11.1.1_3241/ide/plugins/com.nxp.mcuxpresso.tools.linux_11.1.0.202001081728/tools/bin/../lib/gcc/arm-none-eabi/8.3.1/../../../../arm-none-eabi/lib/thumb/v8-m.main+fp/hard/libcr_semihost_nf.a(__sys_appexit.o)
                              /usr/local/mcuxpressoide-11.1.1_3241/ide/plugins/com.nxp.mcuxpresso.tools.linux_11.1.0.202001081728/tools/bin/../lib/gcc/arm-none-eabi/8.3.1/../../../../arm-none-eabi/lib/thumb/v8-m.main+fp/hard/libcr_semihost_nf.a(_cr_assert.o) (__sys_appexit)
/usr/local/mcuxpressoide-11.1.1_3241/ide/plugins/com.nxp.mcuxpresso.tools.linux_11.1.0.202001081728/tools/bin/../lib/gcc/arm-none-eabi/8.3.1/../../../../arm-none-eabi/lib/thumb/v8-m.main+fp/hard/libcr_c.a(memcpy.o)
                              ./device/target.o (memcpy)
/usr/local/mcuxpressoide-11.1.1_3241/ide/plugins/com.nxp.mcuxpresso.tools.linux_11.1.0.202001081728/tools/bin/../lib/gcc/arm-none-eabi/8.3.1/../../../../arm-none-eabi/lib/thumb/v8-m.main+fp/hard/libcr_c.a(memmove.o)
                              ./device/termio.o (memmove)
/usr/local/mcuxpressoide-11.1.1_3241/ide/plugins/com.nxp.mcuxpresso.tools.linux_11.1.0.202001081728/tools/bin/../lib/gcc/arm-none-eabi/8.3.1/../../../../arm-none-eabi/lib/thumb/v8-m.main+fp/hard/libcr_c.a(memset.o)
                              ./drivers/fsl_clock.o (memset)
/usr/local/mcuxpressoide-11.1.1_3241/ide/plugins/com.nxp.mcuxpresso.tools.linux_11.1.0.202001081728/tools/bin/../lib/gcc/arm-none-eabi/8.3.1/../../../../arm-none-eabi/lib/thumb/v8-m.main+fp/hard/libcr_c.a(_deferredlazyseek.o)
                              /usr/local/mcuxpressoide-11.1.1_3241/ide/plugins/com.nxp.mcuxpresso.tools.linux_11.1.0.202001081728/tools/bin/../lib/gcc/arm-none-eabi/8.3.1/../../../../arm-none-eabi/lib/thumb/v8-m.main+fp/hard/libcr_semihost_nf.a(_cr_assert.o) (__flsbuf)
/usr/local/mcuxpressoide-11.1.1_3241/ide/plugins/com.nxp.mcuxpresso.tools.linux_11.1.0.202001081728/tools/bin/../lib/gcc/arm-none-eabi/8.3.1/../../../../arm-none-eabi/lib/thumb/v8-m.main+fp/hard/libcr_c.a(_fflush.o)
                              /usr/local/mcuxpressoide-11.1.1_3241/ide/plugins/com.nxp.mcuxpresso.tools.linux_11.1.0.202001081728/tools/bin/../lib/gcc/arm-none-eabi/8.3.1/../../../../arm-none-eabi/lib/thumb/v8-m.main+fp/hard/libcr_c.a(_deferredlazyseek.o) (_fflush)
/usr/local/mcuxpressoide-11.1.1_3241/ide/plugins/com.nxp.mcuxpresso.tools.linux_11.1.0.202001081728/tools/bin/../lib/gcc/arm-none-eabi/8.3.1/../../../../arm-none-eabi/lib/thumb/v8-m.main+fp/hard/libcr_c.a(_writebuf.o)
                              /usr/local/mcuxpressoide-11.1.1_3241/ide/plugins/com.nxp.mcuxpresso.tools.linux_11.1.0.202001081728/tools/bin/../lib/gcc/arm-none-eabi/8.3.1/../../../../arm-none-eabi/lib/thumb/v8-m.main+fp/hard/libcr_c.a(_deferredlazyseek.o) (_Cwritebuf)
/usr/local/mcuxpressoide-11.1.1_3241/ide/plugins/com.nxp.mcuxpresso.tools.linux_11.1.0.202001081728/tools/bin/../lib/gcc/arm-none-eabi/8.3.1/../../../../arm-none-eabi/lib/thumb/v8-m.main+fp/hard/libcr_c.a(alloc.o)
                              ./kernel/kernel.o (malloc)
/usr/local/mcuxpressoide-11.1.1_3241/ide/plugins/com.nxp.mcuxpresso.tools.linux_11.1.0.202001081728/tools/bin/../lib/gcc/arm-none-eabi/8.3.1/../../../../arm-none-eabi/lib/thumb/v8-m.main+fp/hard/libcr_c.a(ctype.o)
                              ./device/termio.o (__ctype)
/usr/local/mcuxpressoide-11.1.1_3241/ide/plugins/com.nxp.mcuxpresso.tools.linux_11.1.0.202001081728/tools/bin/../lib/gcc/arm-none-eabi/8.3.1/../../../../arm-none-eabi/lib/thumb/v8-m.main+fp/hard/libcr_c.a(fputs.o)
[...]
Memory Configuration

Name             Origin             Length             Attributes
PROGRAM_FLASH    0x0000000000000000 0x0000000000098000 xr
SRAM             0x0000000020000000 0x0000000000040000 xrw
SRAM4            0x0000000020040000 0x0000000000004000 xrw
SRAMX            0x0000000004000000 0x0000000000008000 xrw
USB_RAM          0x0000000040100000 0x0000000000004000 xrw
*default*        0x0000000000000000 0xffffffffffffffff

Linker script and memory map

LOAD ./utilities/fsl_debug_console.o
LOAD ./utilities/fsl_str.o
LOAD ./startup/boot_multicore_slave.o
LOAD ./startup/startup_lpc55s69_cm33_core0.o
LOAD ./startup/svc.o
LOAD ./source/main.o
LOAD ./source/oslib.o
LOAD ./source/semihost_hardfault.o
LOAD ./kernel/kernel.o
LOAD ./kernel/list.o
LOAD ./drivers/fsl_clock.o
LOAD ./drivers/fsl_common.o
LOAD ./drivers/fsl_flexcomm.o
LOAD ./drivers/fsl_gpio.o
LOAD ./drivers/fsl_i2c.o
LOAD ./drivers/fsl_inputmux.o
LOAD ./drivers/fsl_pint.o
LOAD ./drivers/fsl_power.o
LOAD ./drivers/fsl_reset.o
LOAD ./drivers/fsl_spi.o
LOAD ./drivers/fsl_usart.o
LOAD ./device/system_LPC55S69_cm33_core0.o
LOAD ./device/target.o
LOAD ./device/termio.o
LOAD ./device/vfs.o
LOAD ./component/uart/usart_adapter.o
LOAD ./component/serial_manager/serial_manager.o
LOAD ./component/serial_manager/serial_port_uart.o
LOAD ./component/lists/generic_list.o
LOAD ./board/board.o
LOAD ./board/clock_config.o
LOAD ./board/peripherals.o
LOAD ./board/pin_mux.o
LOAD /home/eric/dev/baremetal/nxp-lpc55s69-evk/workspace/LPC55S69_OS/libs/libpower_hardabi.a
START GROUP
LOAD /usr/local/mcuxpressoide-11.1.1_3241/ide/plugins/com.nxp.mcuxpresso.tools.linux_11.1.0.202001081728/tools/bin/../lib/gcc/arm-none-eabi/8.3.1/../../../../arm-none-eabi/lib/thumb/v8-m.main+fp/hard/libcr_semihost_nf.a
LOAD /usr/local/mcuxpressoide-11.1.1_3241/ide/plugins/com.nxp.mcuxpresso.tools.linux_11.1.0.202001081728/tools/bin/../lib/gcc/arm-none-eabi/8.3.1/../../../../arm-none-eabi/lib/thumb/v8-m.main+fp/hard/libcr_c.a
LOAD /usr/local/mcuxpressoide-11.1.1_3241/ide/plugins/com.nxp.mcuxpresso.tools.linux_11.1.0.202001081728/tools/bin/../lib/gcc/arm-none-eabi/8.3.1/thumb/v8-m.main+fp/hard/libcr_eabihelpers.a
LOAD /usr/local/mcuxpressoide-11.1.1_3241/ide/plugins/com.nxp.mcuxpresso.tools.linux_11.1.0.202001081728/tools/bin/../lib/gcc/arm-none-eabi/8.3.1/thumb/v8-m.main+fp/hard/libgcc.a
END GROUP
                0x0000000000000000                __base_PROGRAM_FLASH = 0x0
                0x0000000000000000                __base_Flash = 0x0
                0x0000000000098000                __top_PROGRAM_FLASH = 0x98000
                0x0000000000098000                __top_Flash = 0x98000
                0x0000000020000000                __base_SRAM = 0x20000000
                0x0000000020000000                __base_RAM = 0x20000000
                0x0000000020040000                __top_SRAM = 0x20040000
                0x0000000020040000                __top_RAM = 0x20040000
                0x0000000020040000                __base_SRAM4 = 0x20040000
                0x0000000020040000                __base_RAM2 = 0x20040000
                0x0000000020044000                __top_SRAM4 = 0x20044000
                0x0000000020044000                __top_RAM2 = 0x20044000
                0x0000000004000000                __base_SRAMX = 0x4000000
                0x0000000004000000                __base_RAM3 = 0x4000000
                0x0000000004008000                __top_SRAMX = 0x4008000
                0x0000000004008000                __top_RAM3 = 0x4008000
                0x0000000040100000                __base_USB_RAM = 0x40100000
                0x0000000040100000                __base_RAM4 = 0x40100000
                0x0000000040104000                __top_USB_RAM = 0x40104000
                0x0000000040104000                __top_RAM4 = 0x40104000

.text           0x0000000000000000     0x35cc
 FILL mask 0xff
                0x0000000000000000                __vectors_start__ = ABSOLUTE (.)
 *(SORT_BY_ALIGNMENT(.isr_vector))
 .isr_vector    0x0000000000000000      0x130 ./startup/startup_lpc55s69_cm33_core0.o
                0x0000000000000000                __Vectors
                0x0000000000000000                g_pfnVectors
                0x0000000000000130                . = ALIGN (0x4)
                0x0000000000000130                __section_table_start = .
                0x0000000000000130                __data_section_table = .
                0x0000000000000130        0x4 LONG 0x35cc LOADADDR (.data)
                0x0000000000000134        0x4 LONG 0x20000000 ADDR (.data)
                0x0000000000000138        0x4 LONG 0xb8 SIZEOF (.data)
                0x000000000000013c        0x4 LONG 0x35cc LOADADDR (.data_RAM2)
                0x0000000000000140        0x4 LONG 0x20040000 ADDR (.data_RAM2)
                0x0000000000000144        0x4 LONG 0x0 SIZEOF (.data_RAM2)
                0x0000000000000148        0x4 LONG 0x35cc LOADADDR (.data_RAM3)
                0x000000000000014c        0x4 LONG 0x4000000 ADDR (.data_RAM3)
                0x0000000000000150        0x4 LONG 0x0 SIZEOF (.data_RAM3)
                0x0000000000000154        0x4 LONG 0x35cc LOADADDR (.data_RAM4)
                0x0000000000000158        0x4 LONG 0x40100000 ADDR (.data_RAM4)
                0x000000000000015c        0x4 LONG 0x0 SIZEOF (.data_RAM4)
                0x0000000000000160                __data_section_table_end = .
                0x0000000000000160                __bss_section_table = .
                0x0000000000000160        0x4 LONG 0x200000b8 ADDR (.bss)
                0x0000000000000164        0x4 LONG 0x19c SIZEOF (.bss)
                0x0000000000000168        0x4 LONG 0x20040000 ADDR (.bss_RAM2)
                0x000000000000016c        0x4 LONG 0x0 SIZEOF (.bss_RAM2)
                0x0000000000000170        0x4 LONG 0x4000000 ADDR (.bss_RAM3)
                0x0000000000000174        0x4 LONG 0x0 SIZEOF (.bss_RAM3)
                0x0000000000000178        0x4 LONG 0x40100000 ADDR (.bss_RAM4)
                0x000000000000017c        0x4 LONG 0x0 SIZEOF (.bss_RAM4)
                0x0000000000000180                __bss_section_table_end = .
                0x0000000000000180                __section_table_end = .
 *(SORT_BY_ALIGNMENT(.after_vectors*))
 .after_vectors.reset
                0x0000000000000180       0x6c ./startup/startup_lpc55s69_cm33_core0.o
                0x0000000000000180                ResetISR
 .after_vectors.init_data
                0x00000000000001ec       0x1e ./startup/startup_lpc55s69_cm33_core0.o
                0x00000000000001ec                data_init
 .after_vectors.init_bss
                0x000000000000020a       0x12 ./startup/startup_lpc55s69_cm33_core0.o
                0x000000000000020a                bss_init
 .after_vectors
                0x000000000000021c       0x16 ./startup/startup_lpc55s69_cm33_core0.o
                0x000000000000021c                NMI_Handler
                0x0000000000000220                MemManage_Handler
                0x0000000000000222                BusFault_Handler
                0x0000000000000224                UsageFault_Handler
                0x0000000000000226                SecureFault_Handler
                0x000000000000022a                DebugMon_Handler
                0x0000000000000230                Reserved39_DriverIRQHandler
                0x0000000000000230                DMA0_DriverIRQHandler
                0x0000000000000230                Reserved42_DriverIRQHandler
                0x0000000000000230                SEC_VIO_DriverIRQHandler
                0x0000000000000230                Reserved56_DriverIRQHandler
                0x0000000000000230                CTIMER2_DriverIRQHandler
                0x0000000000000230                IntDefaultHandler
                0x0000000000000230                USB0_DriverIRQHandler
                0x0000000000000230                CASER_DriverIRQHandler
                0x0000000000000230                MRT0_DriverIRQHandler
                0x0000000000000230                UTICK0_DriverIRQHandler
                0x0000000000000230                Reserved41_DriverIRQHandler
                0x0000000000000230                CTIMER4_DriverIRQHandler
                0x0000000000000230                GINT1_DriverIRQHandler
                0x0000000000000230                Reserved55_DriverIRQHandler
                0x0000000000000230                HASHCRYPT_DriverIRQHandler
                0x0000000000000230                USB0_NEEDCLK_DriverIRQHandler
                0x0000000000000230                CTIMER0_DriverIRQHandler
                0x0000000000000230                CTIMER1_DriverIRQHandler
                0x0000000000000230                PQ_DriverIRQHandler
                0x0000000000000230                MAILBOX_DriverIRQHandler
                0x0000000000000230                CTIMER3_DriverIRQHandler
                0x0000000000000230                Reserved61_DriverIRQHandler
                0x0000000000000230                PUF_DriverIRQHandler
                0x0000000000000230                RTC_DriverIRQHandler
                0x0000000000000230                USB1_DriverIRQHandler
                0x0000000000000230                Reserved60_DriverIRQHandler
                0x0000000000000230                DMA1_DriverIRQHandler
                0x0000000000000230                ADC0_DriverIRQHandler
                0x0000000000000230                USB1_NEEDCLK_DriverIRQHandler
                0x0000000000000230                Reserved59_DriverIRQHandler
                0x0000000000000230                SDIO_DriverIRQHandler
                0x0000000000000230                GINT0_DriverIRQHandler
                0x0000000000000230                USB1_PHY_DriverIRQHandler
                0x0000000000000230                ACMP_DriverIRQHandler
                0x0000000000000230                Reserved57_DriverIRQHandler
                0x0000000000000230                Reserved46_DriverIRQHandler
                0x0000000000000230                WDT_BOD_DriverIRQHandler
                0x0000000000000230                SCT0_DriverIRQHandler
                0x0000000000000230                PLU_DriverIRQHandler
                0x0000000000000230                OS_EVENT_DriverIRQHandler
                0x0000000000000230                SEC_HYPERVISOR_CALL_DriverIRQHandler
 *(SORT_BY_ALIGNMENT(.text*))
 *fill*         0x0000000000000232        0x2 ff
 .text.__NVIC_SetPriority
                0x0000000000000234       0x54 ./startup/startup_lpc55s69_cm33_core0.o
 .text.PendSV_Handler
                0x0000000000000288       0x48 ./startup/svc.o
                0x0000000000000288                PendSV_Handler
 .text.main     0x00000000000002d0       0x1c ./source/main.o
                0x00000000000002d0                main
 .text.__NVIC_SetPriority
                0x00000000000002ec       0x54 ./kernel/kernel.o
 .text.SysTick_Config
                0x0000000000000340       0x44 ./kernel/kernel.o
 .text.svc_dispatch
                0x0000000000000384       0xf8 ./kernel/kernel.o
                0x0000000000000384                svc_dispatch
 .text.sys_switch_ctx
                0x000000000000047c       0x20 ./kernel/kernel.o
                0x000000000000047c                sys_switch_ctx
 .text.sys_tick_cb
                0x000000000000049c       0xc4 ./kernel/kernel.o
                0x000000000000049c                sys_tick_cb
 .text.SysTick_Handler
                0x0000000000000560       0x28 ./kernel/kernel.o
                0x0000000000000560                SysTick_Handler
 .text.sys_os_start
                0x0000000000000588       0x34 ./kernel/kernel.o
                0x0000000000000588                sys_os_start
 .text.sys_task_new
                0x00000000000005bc       0xd4 ./kernel/kernel.o
                0x00000000000005bc                sys_task_new
 .text.sys_task_kill
                0x0000000000000690       0x48 ./kernel/kernel.o
                0x0000000000000690                sys_task_kill
 .text.sys_task_id
                0x00000000000006d8       0x18 ./kernel/kernel.o
                0x00000000000006d8                sys_task_id
 .text.sys_task_wait
                0x00000000000006f0       0x6c ./kernel/kernel.o
                0x00000000000006f0                sys_task_wait
 .text.sys_sem_p
                0x000000000000075c       0x80 ./kernel/kernel.o
                0x000000000000075c                sys_sem_p
 .text.sys_sem_v
                0x00000000000007dc       0x80 ./kernel/kernel.o
                0x00000000000007dc                sys_sem_v
 .text.POWER_EnablePD
                0x000000000000085c       0x20 ./drivers/fsl_clock.o
 .text.POWER_DisablePD
                0x000000000000087c       0x20 ./drivers/fsl_clock.o
 .text.CLOCK_AttachClk
                0x000000000000089c       0x98 ./drivers/fsl_clock.o
                0x000000000000089c                CLOCK_AttachClk
 .text.CLOCK_SetClkDiv
                0x0000000000000934       0x5c ./drivers/fsl_clock.o
                0x0000000000000934                CLOCK_SetClkDiv
 .text.CLOCK_SetupFROClocking
                0x0000000000000990       0x80 ./drivers/fsl_clock.o
                0x0000000000000990                CLOCK_SetupFROClocking
 .text.CLOCK_SetFLASHAccessCyclesForFreq
                0x0000000000000a10      0x148 ./drivers/fsl_clock.o
                0x0000000000000a10                CLOCK_SetFLASHAccessCyclesForFreq
 .text.CLOCK_SetupExtClocking
                0x0000000000000b58       0x50 ./drivers/fsl_clock.o
                0x0000000000000b58                CLOCK_SetupExtClocking
 .text.CLOCK_GetFro1MFreq
                0x0000000000000ba8       0x28 ./drivers/fsl_clock.o
                0x0000000000000ba8                CLOCK_GetFro1MFreq
 .text.CLOCK_GetExtClkFreq
                0x0000000000000bd0       0x2c ./drivers/fsl_clock.o
                0x0000000000000bd0                CLOCK_GetExtClkFreq
 .text.CLOCK_GetOsc32KFreq
                0x0000000000000bfc       0x58 ./drivers/fsl_clock.o
                0x0000000000000bfc                CLOCK_GetOsc32KFreq
 .text.CLOCK_GetPLL0InClockRate
                0x0000000000000c54       0x64 ./drivers/fsl_clock.o
                0x0000000000000c54                CLOCK_GetPLL0InClockRate
 .text.CLOCK_SetPLL0Freq
                0x0000000000000cb8      0x12c ./drivers/fsl_clock.o
                0x0000000000000cb8                CLOCK_SetPLL0Freq
 .text.SDK_DelayAtLeastUs
                0x0000000000000de4       0x90 ./drivers/fsl_common.o
                0x0000000000000de4                SDK_DelayAtLeastUs
 .text.FLEXCOMM0_DriverIRQHandler
                0x0000000000000e74       0x38 ./drivers/fsl_flexcomm.o
                0x0000000000000e74                FLEXCOMM0_DriverIRQHandler
 .text.FLEXCOMM1_DriverIRQHandler
                0x0000000000000eac       0x38 ./drivers/fsl_flexcomm.o
                0x0000000000000eac                FLEXCOMM1_DriverIRQHandler
 .text.FLEXCOMM2_DriverIRQHandler
                0x0000000000000ee4       0x38 ./drivers/fsl_flexcomm.o
                0x0000000000000ee4                FLEXCOMM2_DriverIRQHandler
 .text.FLEXCOMM3_DriverIRQHandler
                0x0000000000000f1c       0x38 ./drivers/fsl_flexcomm.o
                0x0000000000000f1c                FLEXCOMM3_DriverIRQHandler
 .text.FLEXCOMM4_DriverIRQHandler
                0x0000000000000f54       0x38 ./drivers/fsl_flexcomm.o
                0x0000000000000f54                FLEXCOMM4_DriverIRQHandler
 .text.FLEXCOMM5_DriverIRQHandler
                0x0000000000000f8c       0x38 ./drivers/fsl_flexcomm.o
                0x0000000000000f8c                FLEXCOMM5_DriverIRQHandler
 .text.FLEXCOMM6_DriverIRQHandler
                0x0000000000000fc4       0x38 ./drivers/fsl_flexcomm.o
                0x0000000000000fc4                FLEXCOMM6_DriverIRQHandler
 .text.FLEXCOMM7_DriverIRQHandler
                0x0000000000000ffc       0x38 ./drivers/fsl_flexcomm.o
                0x0000000000000ffc                FLEXCOMM7_DriverIRQHandler
 .text.FLEXCOMM8_DriverIRQHandler
                0x0000000000001034       0x38 ./drivers/fsl_flexcomm.o
                0x0000000000001034                FLEXCOMM8_DriverIRQHandler
 .text.GPIO_PortInit
                0x000000000000106c       0x48 ./drivers/fsl_gpio.o
                0x000000000000106c                GPIO_PortInit
 .text.__NVIC_EnableIRQ
                0x00000000000010b4       0x3c ./drivers/fsl_pint.o
 .text.__NVIC_ClearPendingIRQ
                0x00000000000010f0       0x3c ./drivers/fsl_pint.o
 .text.PINT_Init
                0x000000000000112c       0xd0 ./drivers/fsl_pint.o
                0x000000000000112c                PINT_Init
 .text.PINT_PinInterruptConfig
                0x00000000000011fc       0xb8 ./drivers/fsl_pint.o
                0x00000000000011fc                PINT_PinInterruptConfig
 .text.PINT_EnableCallbackByIndex
                0x00000000000012b4       0x4c ./drivers/fsl_pint.o
                0x00000000000012b4                PINT_EnableCallbackByIndex
 .text.SEC_GPIO_INT0_IRQ0_DriverIRQHandler
                0x0000000000001300       0x48 ./drivers/fsl_pint.o
                0x0000000000001300                SEC_GPIO_INT0_IRQ0_DriverIRQHandler
 .text.SEC_GPIO_INT0_IRQ1_DriverIRQHandler
                0x0000000000001348       0x44 ./drivers/fsl_pint.o
                0x0000000000001348                SEC_GPIO_INT0_IRQ1_DriverIRQHandler
 .text.PIN_INT0_DriverIRQHandler
                0x000000000000138c       0x48 ./drivers/fsl_pint.o
                0x000000000000138c                PIN_INT0_DriverIRQHandler
 .text.PIN_INT1_DriverIRQHandler
                0x00000000000013d4       0x48 ./drivers/fsl_pint.o
                0x00000000000013d4                PIN_INT1_DriverIRQHandler
 .text.PIN_INT2_DriverIRQHandler
                0x000000000000141c       0x48 ./drivers/fsl_pint.o
                0x000000000000141c                PIN_INT2_DriverIRQHandler
 .text.PIN_INT3_DriverIRQHandler
                0x0000000000001464       0x48 ./drivers/fsl_pint.o
                0x0000000000001464                PIN_INT3_DriverIRQHandler
 .text.PIN_INT4_DriverIRQHandler
                0x00000000000014ac       0x48 ./drivers/fsl_pint.o
                0x00000000000014ac                PIN_INT4_DriverIRQHandler
 .text.PIN_INT5_DriverIRQHandler
                0x00000000000014f4       0x48 ./drivers/fsl_pint.o
                0x00000000000014f4                PIN_INT5_DriverIRQHandler
 .text.PIN_INT6_DriverIRQHandler
                0x000000000000153c       0x48 ./drivers/fsl_pint.o
                0x000000000000153c                PIN_INT6_DriverIRQHandler
 .text.PIN_INT7_DriverIRQHandler
                0x0000000000001584       0x48 ./drivers/fsl_pint.o
                0x0000000000001584                PIN_INT7_DriverIRQHandler
 .text.RESET_SetPeripheralReset
                0x00000000000015cc       0x5c ./drivers/fsl_reset.o
                0x00000000000015cc                RESET_SetPeripheralReset
 .text.RESET_ClearPeripheralReset
                0x0000000000001628       0x5c ./drivers/fsl_reset.o
                0x0000000000001628                RESET_ClearPeripheralReset
 .text.SystemInit
                0x0000000000001684       0x64 ./device/system_LPC55S69_cm33_core0.o
                0x0000000000001684                SystemInit
 .text.__NVIC_SetPriority
                0x00000000000016e8       0x54 ./device/target.o
 .text.dev_read_test
                0x000000000000173c       0x84 ./device/target.o
 .text.leds     0x00000000000017c0       0x64 ./device/target.o
 .text.dev_init_leds
                0x0000000000001824       0x64 ./device/target.o
 .text.on_swuser_cb
                0x0000000000001888       0x24 ./device/target.o
 .text.dev_init_btn
                0x00000000000018ac       0x74 ./device/target.o
 .text.dev_init
                0x0000000000001920       0x74 ./device/target.o
                0x0000000000001920                dev_init
 .text.BOARD_InitDebugConsole
                0x0000000000001994       0x38 ./board/board.o
                0x0000000000001994                BOARD_InitDebugConsole
 .text.POWER_DisablePD
                0x00000000000019cc       0x20 ./board/clock_config.o
 .text.BOARD_BootClockPLL100M
                0x00000000000019ec       0xec ./board/clock_config.o
                0x00000000000019ec                BOARD_BootClockPLL100M
 .text.BOARD_InitPins
                0x0000000000001ad8       0xd8 ./board/pin_mux.o
                0x0000000000001ad8                BOARD_InitPins
 .text.lowpower_set_system_voltage
                0x0000000000001bb0       0xa0 /home/eric/dev/baremetal/nxp-lpc55s69-evk/workspace/LPC55S69_OS/libs/libpower_hardabi.a(fsl_power_lib.o)
 .text.lowpower_set_voltage_for_process
                0x0000000000001c50       0x84 /home/eric/dev/baremetal/nxp-lpc55s69-evk/workspace/LPC55S69_OS/libs/libpower_hardabi.a(fsl_power_lib.o)
 .text.POWER_SetVoltageForFreq
                0x0000000000001cd4       0x84 /home/eric/dev/baremetal/nxp-lpc55s69-evk/workspace/LPC55S69_OS/libs/libpower_hardabi.a(fsl_power_lib.o)
                0x0000000000001cd4                POWER_SetVoltageForFreq
 .text.__assertion_failed
                0x0000000000001d58       0x4c /usr/local/mcuxpressoide-11.1.1_3241/ide/plugins/com.nxp.mcuxpresso.tools.linux_11.1.0.202001081728/tools/bin/../lib/gcc/arm-none-eabi/8.3.1/../../../../arm-none-eabi/lib/thumb/v8-m.main+fp/hard/libcr_semihost_nf.a(_cr_assert.o)
                0x0000000000001d58                __assertion_failed
 .text.__sys_appexit
                0x0000000000001da4        0xc /usr/local/mcuxpressoide-11.1.1_3241/ide/plugins/com.nxp.mcuxpresso.tools.linux_11.1.0.202001081728/tools/bin/../lib/gcc/arm-none-eabi/8.3.1/../../../../arm-none-eabi/lib/thumb/v8-m.main+fp/hard/libcr_semihost_nf.a(__sys_appexit.o)
                0x0000000000001da4                __exit
                0x0000000000001da4                __sys_appexit
 .text._Cwritebuf
                0x0000000000001db0       0x6c /usr/local/mcuxpressoide-11.1.1_3241/ide/plugins/com.nxp.mcuxpresso.tools.linux_11.1.0.202001081728/tools/bin/../lib/gcc/arm-none-eabi/8.3.1/../../../../arm-none-eabi/lib/thumb/v8-m.main+fp/hard/libcr_c.a(_writebuf.o)
                0x0000000000001db0                _Cwritebuf
 .text.malloc   0x0000000000001e1c       0xc8 /usr/local/mcuxpressoide-11.1.1_3241/ide/plugins/com.nxp.mcuxpresso.tools.linux_11.1.0.202001081728/tools/bin/../lib/gcc/arm-none-eabi/8.3.1/../../../../arm-none-eabi/lib/thumb/v8-m.main+fp/hard/libcr_c.a(alloc.o)
                0x0000000000001e1c                malloc
 .text._Csys_alloc
                0x0000000000001ee4       0x20 /usr/local/mcuxpressoide-11.1.1_3241/ide/plugins/com.nxp.mcuxpresso.tools.linux_11.1.0.202001081728/tools/bin/../lib/gcc/arm-none-eabi/8.3.1/../../../../arm-none-eabi/lib/thumb/v8-m.main+fp/hard/libcr_c.a(alloc.o)
                0x0000000000001ee4                _Csys_alloc
 .text.fseek    0x0000000000001f04      0x100 /usr/local/mcuxpressoide-11.1.1_3241/ide/plugins/com.nxp.mcuxpresso.tools.linux_11.1.0.202001081728/tools/bin/../lib/gcc/arm-none-eabi/8.3.1/../../../../arm-none-eabi/lib/thumb/v8-m.main+fp/hard/libcr_c.a(fseek.o)
                0x0000000000001f04                fseek
 .text.ftell    0x0000000000002004       0x48 /usr/local/mcuxpressoide-11.1.1_3241/ide/plugins/com.nxp.mcuxpresso.tools.linux_11.1.0.202001081728/tools/bin/../lib/gcc/arm-none-eabi/8.3.1/../../../../arm-none-eabi/lib/thumb/v8-m.main+fp/hard/libcr_c.a(ftell.o)
                0x0000000000002004                ftell
 .text._initio  0x000000000000204c       0x78 /usr/local/mcuxpressoide-11.1.1_3241/ide/plugins/com.nxp.mcuxpresso.tools.linux_11.1.0.202001081728/tools/bin/../lib/gcc/arm-none-eabi/8.3.1/../../../../arm-none-eabi/lib/thumb/v8-m.main+fp/hard/libcr_c.a(initio.o)
                0x000000000000204c                _initio
 .text.setvbuf  0x00000000000020c4       0x40 /usr/local/mcuxpressoide-11.1.1_3241/ide/plugins/com.nxp.mcuxpresso.tools.linux_11.1.0.202001081728/tools/bin/../lib/gcc/arm-none-eabi/8.3.1/../../../../arm-none-eabi/lib/thumb/v8-m.main+fp/hard/libcr_c.a(setvbuf.o)
                0x00000000000020c4                setvbuf
 .text._sbrk    0x0000000000002104       0x3c /usr/local/mcuxpressoide-11.1.1_3241/ide/plugins/com.nxp.mcuxpresso.tools.linux_11.1.0.202001081728/tools/bin/../lib/gcc/arm-none-eabi/8.3.1/../../../../arm-none-eabi/lib/thumb/v8-m.main+fp/hard/libcr_c.a(_cr_sbrk.o)
                0x0000000000002104                _sbrk
 .text.fflush   0x0000000000002140       0x44 /usr/local/mcuxpressoide-11.1.1_3241/ide/plugins/com.nxp.mcuxpresso.tools.linux_11.1.0.202001081728/tools/bin/../lib/gcc/arm-none-eabi/8.3.1/../../../../arm-none-eabi/lib/thumb/v8-m.main+fp/hard/libcr_c.a(fflush.o)
                0x0000000000002140                fflush
 .text.__check_heap_overflow
                0x0000000000002184       0x18 /usr/local/mcuxpressoide-11.1.1_3241/ide/plugins/com.nxp.mcuxpresso.tools.linux_11.1.0.202001081728/tools/bin/../lib/gcc/arm-none-eabi/8.3.1/../../../../arm-none-eabi/lib/thumb/v8-m.main+fp/hard/libcr_c.a(_cr_check_heap.o)
                0x0000000000002184                __check_heap_overflow
 .text.WDT_BOD_IRQHandler
                0x000000000000219c        0x8 ./startup/startup_lpc55s69_cm33_core0.o
                0x000000000000219c                WDT_BOD_IRQHandler
 .text.DMA0_IRQHandler
                0x00000000000021a4        0x8 ./startup/startup_lpc55s69_cm33_core0.o
                0x00000000000021a4                DMA0_IRQHandler
 .text.GINT0_IRQHandler
                0x00000000000021ac        0x8 ./startup/startup_lpc55s69_cm33_core0.o
                0x00000000000021ac                GINT0_IRQHandler
 .text.GINT1_IRQHandler
                0x00000000000021b4        0x8 ./startup/startup_lpc55s69_cm33_core0.o
                0x00000000000021b4                GINT1_IRQHandler
 .text.PIN_INT0_IRQHandler
                0x00000000000021bc        0x8 ./startup/startup_lpc55s69_cm33_core0.o
                0x00000000000021bc                PIN_INT0_IRQHandler
 .text.PIN_INT1_IRQHandler
                0x00000000000021c4        0x8 ./startup/startup_lpc55s69_cm33_core0.o
                0x00000000000021c4                PIN_INT1_IRQHandler
 .text.PIN_INT2_IRQHandler
                0x00000000000021cc        0x8 ./startup/startup_lpc55s69_cm33_core0.o
                0x00000000000021cc                PIN_INT2_IRQHandler
 .text.PIN_INT3_IRQHandler
                0x00000000000021d4        0x8 ./startup/startup_lpc55s69_cm33_core0.o
                0x00000000000021d4                PIN_INT3_IRQHandler
 .text.UTICK0_IRQHandler
                0x00000000000021dc        0x8 ./startup/startup_lpc55s69_cm33_core0.o
                0x00000000000021dc                UTICK0_IRQHandler
 .text.MRT0_IRQHandler
                0x00000000000021e4        0x8 ./startup/startup_lpc55s69_cm33_core0.o
                0x00000000000021e4                MRT0_IRQHandler
 .text.CTIMER0_IRQHandler
                0x00000000000021ec        0x8 ./startup/startup_lpc55s69_cm33_core0.o
                0x00000000000021ec                CTIMER0_IRQHandler
 .text.CTIMER1_IRQHandler
                0x00000000000021f4        0x8 ./startup/startup_lpc55s69_cm33_core0.o
                0x00000000000021f4                CTIMER1_IRQHandler
 .text.SCT0_IRQHandler
                0x00000000000021fc        0x8 ./startup/startup_lpc55s69_cm33_core0.o
                0x00000000000021fc                SCT0_IRQHandler
 .text.CTIMER3_IRQHandler
                0x0000000000002204        0x8 ./startup/startup_lpc55s69_cm33_core0.o
                0x0000000000002204                CTIMER3_IRQHandler
 .text.FLEXCOMM0_IRQHandler
                0x000000000000220c        0x8 ./startup/startup_lpc55s69_cm33_core0.o
                0x000000000000220c                FLEXCOMM0_IRQHandler
 .text.FLEXCOMM1_IRQHandler
                0x0000000000002214        0x8 ./startup/startup_lpc55s69_cm33_core0.o
                0x0000000000002214                FLEXCOMM1_IRQHandler
 .text.FLEXCOMM2_IRQHandler
                0x000000000000221c        0x8 ./startup/startup_lpc55s69_cm33_core0.o
                0x000000000000221c                FLEXCOMM2_IRQHandler
 .text.FLEXCOMM3_IRQHandler
                0x0000000000002224        0x8 ./startup/startup_lpc55s69_cm33_core0.o
                0x0000000000002224                FLEXCOMM3_IRQHandler
 .text.FLEXCOMM4_IRQHandler
                0x000000000000222c        0x8 ./startup/startup_lpc55s69_cm33_core0.o
                0x000000000000222c                FLEXCOMM4_IRQHandler
 .text.FLEXCOMM5_IRQHandler
                0x0000000000002234        0x8 ./startup/startup_lpc55s69_cm33_core0.o
                0x0000000000002234                FLEXCOMM5_IRQHandler
 .text.FLEXCOMM6_IRQHandler
                0x000000000000223c        0x8 ./startup/startup_lpc55s69_cm33_core0.o
                0x000000000000223c                FLEXCOMM6_IRQHandler
 .text.FLEXCOMM7_IRQHandler
                0x0000000000002244        0x8 ./startup/startup_lpc55s69_cm33_core0.o
                0x0000000000002244                FLEXCOMM7_IRQHandler
 .text.ADC0_IRQHandler
                0x000000000000224c        0x8 ./startup/startup_lpc55s69_cm33_core0.o
                0x000000000000224c                ADC0_IRQHandler
 .text.Reserved39_IRQHandler
                0x0000000000002254        0x8 ./startup/startup_lpc55s69_cm33_core0.o
                0x0000000000002254                Reserved39_IRQHandler
 .text.ACMP_IRQHandler
                0x000000000000225c        0x8 ./startup/startup_lpc55s69_cm33_core0.o
                0x000000000000225c                ACMP_IRQHandler
 .text.Reserved41_IRQHandler
                0x0000000000002264        0x8 ./startup/startup_lpc55s69_cm33_core0.o
                0x0000000000002264                Reserved41_IRQHandler
 .text.Reserved42_IRQHandler
                0x000000000000226c        0x8 ./startup/startup_lpc55s69_cm33_core0.o
                0x000000000000226c                Reserved42_IRQHandler
 .text.USB0_NEEDCLK_IRQHandler
                0x0000000000002274        0x8 ./startup/startup_lpc55s69_cm33_core0.o
                0x0000000000002274                USB0_NEEDCLK_IRQHandler
 .text.USB0_IRQHandler
                0x000000000000227c        0x8 ./startup/startup_lpc55s69_cm33_core0.o
                0x000000000000227c                USB0_IRQHandler
 .text.RTC_IRQHandler
                0x0000000000002284        0x8 ./startup/startup_lpc55s69_cm33_core0.o
                0x0000000000002284                RTC_IRQHandler
 .text.Reserved46_IRQHandler
                0x000000000000228c        0x8 ./startup/startup_lpc55s69_cm33_core0.o
                0x000000000000228c                Reserved46_IRQHandler
 .text.MAILBOX_IRQHandler
                0x0000000000002294        0x8 ./startup/startup_lpc55s69_cm33_core0.o
                0x0000000000002294                MAILBOX_IRQHandler
 .text.PIN_INT4_IRQHandler
                0x000000000000229c        0x8 ./startup/startup_lpc55s69_cm33_core0.o
                0x000000000000229c                PIN_INT4_IRQHandler
 .text.PIN_INT5_IRQHandler
                0x00000000000022a4        0x8 ./startup/startup_lpc55s69_cm33_core0.o
                0x00000000000022a4                PIN_INT5_IRQHandler
 .text.PIN_INT6_IRQHandler
                0x00000000000022ac        0x8 ./startup/startup_lpc55s69_cm33_core0.o
                0x00000000000022ac                PIN_INT6_IRQHandler
 .text.PIN_INT7_IRQHandler
                0x00000000000022b4        0x8 ./startup/startup_lpc55s69_cm33_core0.o
                0x00000000000022b4                PIN_INT7_IRQHandler
 .text.CTIMER2_IRQHandler
                0x00000000000022bc        0x8 ./startup/startup_lpc55s69_cm33_core0.o
                0x00000000000022bc                CTIMER2_IRQHandler
 .text.CTIMER4_IRQHandler
                0x00000000000022c4        0x8 ./startup/startup_lpc55s69_cm33_core0.o
                0x00000000000022c4                CTIMER4_IRQHandler
 .text.OS_EVENT_IRQHandler
                0x00000000000022cc        0x8 ./startup/startup_lpc55s69_cm33_core0.o
                0x00000000000022cc                OS_EVENT_IRQHandler
 .text.Reserved55_IRQHandler
                0x00000000000022d4        0x8 ./startup/startup_lpc55s69_cm33_core0.o
                0x00000000000022d4                Reserved55_IRQHandler
 .text.Reserved56_IRQHandler
                0x00000000000022dc        0x8 ./startup/startup_lpc55s69_cm33_core0.o
                0x00000000000022dc                Reserved56_IRQHandler
 .text.Reserved57_IRQHandler
                0x00000000000022e4        0x8 ./startup/startup_lpc55s69_cm33_core0.o
                0x00000000000022e4                Reserved57_IRQHandler
 .text.SDIO_IRQHandler
                0x00000000000022ec        0x8 ./startup/startup_lpc55s69_cm33_core0.o
                0x00000000000022ec                SDIO_IRQHandler
 .text.Reserved59_IRQHandler
                0x00000000000022f4        0x8 ./startup/startup_lpc55s69_cm33_core0.o
                0x00000000000022f4                Reserved59_IRQHandler
 .text.Reserved60_IRQHandler
                0x00000000000022fc        0x8 ./startup/startup_lpc55s69_cm33_core0.o
                0x00000000000022fc                Reserved60_IRQHandler
 .text.Reserved61_IRQHandler
                0x0000000000002304        0x8 ./startup/startup_lpc55s69_cm33_core0.o
                0x0000000000002304                Reserved61_IRQHandler
 .text.USB1_PHY_IRQHandler
                0x000000000000230c        0x8 ./startup/startup_lpc55s69_cm33_core0.o
                0x000000000000230c                USB1_PHY_IRQHandler
 .text.USB1_IRQHandler
                0x0000000000002314        0x8 ./startup/startup_lpc55s69_cm33_core0.o
                0x0000000000002314                USB1_IRQHandler
 .text.USB1_NEEDCLK_IRQHandler
                0x000000000000231c        0x8 ./startup/startup_lpc55s69_cm33_core0.o
                0x000000000000231c                USB1_NEEDCLK_IRQHandler
 .text.SEC_HYPERVISOR_CALL_IRQHandler
                0x0000000000002324        0x8 ./startup/startup_lpc55s69_cm33_core0.o
                0x0000000000002324                SEC_HYPERVISOR_CALL_IRQHandler
 .text.SEC_GPIO_INT0_IRQ0_IRQHandler
                0x000000000000232c        0x8 ./startup/startup_lpc55s69_cm33_core0.o
                0x000000000000232c                SEC_GPIO_INT0_IRQ0_IRQHandler
 .text.SEC_GPIO_INT0_IRQ1_IRQHandler
                0x0000000000002334        0x8 ./startup/startup_lpc55s69_cm33_core0.o
                0x0000000000002334                SEC_GPIO_INT0_IRQ1_IRQHandler
 .text.PLU_IRQHandler
                0x000000000000233c        0x8 ./startup/startup_lpc55s69_cm33_core0.o
                0x000000000000233c                PLU_IRQHandler
 .text.SEC_VIO_IRQHandler
                0x0000000000002344        0x8 ./startup/startup_lpc55s69_cm33_core0.o
                0x0000000000002344                SEC_VIO_IRQHandler
 .text.HASHCRYPT_IRQHandler
                0x000000000000234c        0x8 ./startup/startup_lpc55s69_cm33_core0.o
                0x000000000000234c                HASHCRYPT_IRQHandler
 .text.CASER_IRQHandler
                0x0000000000002354        0x8 ./startup/startup_lpc55s69_cm33_core0.o
                0x0000000000002354                CASER_IRQHandler
 .text.PUF_IRQHandler
                0x000000000000235c        0x8 ./startup/startup_lpc55s69_cm33_core0.o
                0x000000000000235c                PUF_IRQHandler
 .text.PQ_IRQHandler
                0x0000000000002364        0x8 ./startup/startup_lpc55s69_cm33_core0.o
                0x0000000000002364                PQ_IRQHandler
 .text.DMA1_IRQHandler
                0x000000000000236c        0x8 ./startup/startup_lpc55s69_cm33_core0.o
                0x000000000000236c                DMA1_IRQHandler
 .text.FLEXCOMM8_IRQHandler
                0x0000000000002374        0x8 ./startup/startup_lpc55s69_cm33_core0.o
                0x0000000000002374                FLEXCOMM8_IRQHandler
 .text.SVC_Handler
                0x000000000000237c       0x26 ./startup/svc.o
                0x000000000000237c                SVC_Handler
 .text.test_add
                0x00000000000023a2       0x1e ./source/oslib.o
                0x00000000000023a2                test_add
 .text.task_kill
                0x00000000000023c0       0x10 ./source/oslib.o
                0x00000000000023c0                task_kill
 .text.sem_new  0x00000000000023d0       0x1c ./source/oslib.o
                0x00000000000023d0                sem_new
 .text.sem_p    0x00000000000023ec       0x16 ./source/oslib.o
                0x00000000000023ec                sem_p
 .text.sem_v    0x0000000000002402       0x16 ./source/oslib.o
                0x0000000000002402                sem_v
 .text.HardFault_Handler
                0x0000000000002418       0x2c ./source/semihost_hardfault.o
                0x0000000000002418                HardFault_Handler
 .text.sys_add  0x0000000000002444       0x1c ./kernel/kernel.o
                0x0000000000002444                sys_add
 .text.sys_task_yield
                0x0000000000002460       0x12 ./kernel/kernel.o
                0x0000000000002460                sys_task_yield
 .text.sys_sem_new
                0x0000000000002472       0x30 ./kernel/kernel.o
                0x0000000000002472                sys_sem_new
 .text.list_insert_head
                0x00000000000024a2       0x48 ./kernel/list.o
                0x00000000000024a2                list_insert_head
 .text.list_remove_head
                0x00000000000024ea       0x58 ./kernel/list.o
                0x00000000000024ea                list_remove_head
 .text.list_insert_tail
                0x0000000000002542       0x4a ./kernel/list.o
                0x0000000000002542                list_insert_tail
 .text.list_size
                0x000000000000258c       0x40 ./kernel/list.o
                0x000000000000258c                list_size
 .text.CLOCK_IsPLL0Locked
                0x00000000000025cc       0x24 ./drivers/fsl_clock.o
 .text.findPll0PreDiv
                0x00000000000025f0       0x3e ./drivers/fsl_clock.o
 .text.DelayLoop
                0x000000000000262e       0x20 ./drivers/fsl_common.o
 .text.CLOCK_EnableClock
                0x000000000000264e       0x30 ./drivers/fsl_gpio.o
 .text.GPIO_PinInit
                0x000000000000267e       0xa0 ./drivers/fsl_gpio.o
                0x000000000000267e                GPIO_PinInit
 .text.CLOCK_EnableClock
                0x000000000000271e       0x30 ./drivers/fsl_inputmux.o
 .text.CLOCK_DisableClock
                0x000000000000274e       0x30 ./drivers/fsl_inputmux.o
 .text.INPUTMUX_Init
                0x000000000000277e       0x16 ./drivers/fsl_inputmux.o
                0x000000000000277e                INPUTMUX_Init
 .text.INPUTMUX_AttachSignal
                0x0000000000002794       0x38 ./drivers/fsl_inputmux.o
                0x0000000000002794                INPUTMUX_AttachSignal
 .text.INPUTMUX_Deinit
                0x00000000000027cc       0x16 ./drivers/fsl_inputmux.o
                0x00000000000027cc                INPUTMUX_Deinit
 .text.CLOCK_EnableClock
                0x00000000000027e2       0x30 ./drivers/fsl_pint.o
 .text.EnableIRQ
                0x0000000000002812       0x2c ./drivers/fsl_pint.o
 .text.PINT_PinInterruptClrFallFlag
                0x000000000000283e       0x22 ./drivers/fsl_pint.o
 .text.PINT_PinInterruptClrRiseFlag
                0x0000000000002860       0x22 ./drivers/fsl_pint.o
 .text.PINT_PatternMatchResetDetectLogic
                0x0000000000002882       0x34 ./drivers/fsl_pint.o
                0x0000000000002882                PINT_PatternMatchResetDetectLogic
 .text.PINT_PinInterruptClrStatus
                0x00000000000028b6       0x4e ./drivers/fsl_pint.o
                0x00000000000028b6                PINT_PinInterruptClrStatus
 .text.RESET_PeripheralReset
                0x0000000000002904       0x1c ./drivers/fsl_reset.o
                0x0000000000002904                RESET_PeripheralReset
 .text.SystemInitHook
                0x0000000000002920        0xe ./device/system_LPC55S69_cm33_core0.o
                0x0000000000002920                SystemInitHook
 .text.GPIO_PinWrite
                0x000000000000292e       0x2a ./device/target.o
 .text.dev_init_test
                0x0000000000002958       0x2a ./device/target.o
 .text.dev_open_test
                0x0000000000002982       0x50 ./device/target.o
 .text.dev_close_test
                0x00000000000029d2       0x34 ./device/target.o
 .text.dev_open_leds
                0x0000000000002a06       0x6e ./device/target.o
 .text.dev_close_leds
                0x0000000000002a74       0x34 ./device/target.o
 .text.dev_write_leds
                0x0000000000002aa8       0x3c ./device/target.o
 .text.dev_open_btn
                0x0000000000002ae4       0x6e ./device/target.o
 .text.dev_close_btn
                0x0000000000002b52       0x34 ./device/target.o
 .text.dev_read_btn
                0x0000000000002b86       0x40 ./device/target.o
 .text.DbgConsole_Init
                0x0000000000002bc6       0x20 ./board/board.o
 .text.BOARD_InitBootClocks
                0x0000000000002be6        0xc ./board/clock_config.o
                0x0000000000002be6                BOARD_InitBootClocks
 .text.BOARD_InitPeripherals
                0x0000000000002bf2        0xe ./board/peripherals.o
                0x0000000000002bf2                BOARD_InitPeripherals
 .text.BOARD_InitBootPeripherals
                0x0000000000002c00        0xc ./board/peripherals.o
                0x0000000000002c00                BOARD_InitBootPeripherals
 .text.Chip_GetVersion
                0x0000000000002c0c       0x36 ./board/pin_mux.o
 .text.CLOCK_EnableClock
                0x0000000000002c42       0x30 ./board/pin_mux.o
 .text.IOCON_PinMuxSet
                0x0000000000002c72       0x2e ./board/pin_mux.o
 .text.BOARD_InitBootPins
                0x0000000000002ca0        0xc ./board/pin_mux.o
                0x0000000000002ca0                BOARD_InitBootPins
 .text.__main   0x0000000000002cac        0xe /usr/local/mcuxpressoide-11.1.1_3241/ide/plugins/com.nxp.mcuxpresso.tools.linux_11.1.0.202001081728/tools/bin/../lib/gcc/arm-none-eabi/8.3.1/../../../../arm-none-eabi/lib/thumb/v8-m.main+fp/hard/libcr_semihost_nf.a(_cr__main.o)
                0x0000000000002cac                __main
                0x0000000000002cac                __CR_SEMIHOST
 .text.memcpy   0x0000000000002cba        0x4 /usr/local/mcuxpressoide-11.1.1_3241/ide/plugins/com.nxp.mcuxpresso.tools.linux_11.1.0.202001081728/tools/bin/../lib/gcc/arm-none-eabi/8.3.1/../../../../arm-none-eabi/lib/thumb/v8-m.main+fp/hard/libcr_c.a(memcpy.o)
                0x0000000000002cba                memcpy
 .text.memset   0x0000000000002cbe        0x4 /usr/local/mcuxpressoide-11.1.1_3241/ide/plugins/com.nxp.mcuxpresso.tools.linux_11.1.0.202001081728/tools/bin/../lib/gcc/arm-none-eabi/8.3.1/../../../../arm-none-eabi/lib/thumb/v8-m.main+fp/hard/libcr_c.a(memset.o)
                0x0000000000002cbe                memset
 .text._deferredlazyseek
                0x0000000000002cc2       0x40 /usr/local/mcuxpressoide-11.1.1_3241/ide/plugins/com.nxp.mcuxpresso.tools.linux_11.1.0.202001081728/tools/bin/../lib/gcc/arm-none-eabi/8.3.1/../../../../arm-none-eabi/lib/thumb/v8-m.main+fp/hard/libcr_c.a(_deferredlazyseek.o)
                0x0000000000002cc2                _deferredlazyseek
 .text.__flsbuf
                0x0000000000002d02      0x140 /usr/local/mcuxpressoide-11.1.1_3241/ide/plugins/com.nxp.mcuxpresso.tools.linux_11.1.0.202001081728/tools/bin/../lib/gcc/arm-none-eabi/8.3.1/../../../../arm-none-eabi/lib/thumb/v8-m.main+fp/hard/libcr_c.a(_deferredlazyseek.o)
                0x0000000000002d02                __flsbuf
 .text._fflush  0x0000000000002e42       0x52 /usr/local/mcuxpressoide-11.1.1_3241/ide/plugins/com.nxp.mcuxpresso.tools.linux_11.1.0.202001081728/tools/bin/../lib/gcc/arm-none-eabi/8.3.1/../../../../arm-none-eabi/lib/thumb/v8-m.main+fp/hard/libcr_c.a(_fflush.o)
                0x0000000000002e42                _fflush
 .text.free     0x0000000000002e94       0x30 /usr/local/mcuxpressoide-11.1.1_3241/ide/plugins/com.nxp.mcuxpresso.tools.linux_11.1.0.202001081728/tools/bin/../lib/gcc/arm-none-eabi/8.3.1/../../../../arm-none-eabi/lib/thumb/v8-m.main+fp/hard/libcr_c.a(alloc.o)
                0x0000000000002e94                free
 .text.fputs    0x0000000000002ec4       0x2c /usr/local/mcuxpressoide-11.1.1_3241/ide/plugins/com.nxp.mcuxpresso.tools.linux_11.1.0.202001081728/tools/bin/../lib/gcc/arm-none-eabi/8.3.1/../../../../arm-none-eabi/lib/thumb/v8-m.main+fp/hard/libcr_c.a(fputs.o)
                0x0000000000002ec4                fputs
 .text.strlen   0x0000000000002ef0       0x4c /usr/local/mcuxpressoide-11.1.1_3241/ide/plugins/com.nxp.mcuxpresso.tools.linux_11.1.0.202001081728/tools/bin/../lib/gcc/arm-none-eabi/8.3.1/../../../../arm-none-eabi/lib/thumb/v8-m.main+fp/hard/libcr_c.a(strlen.o)
                0x0000000000002ef0                strlen
 .text._fdopen  0x0000000000002f3c       0x68 /usr/local/mcuxpressoide-11.1.1_3241/ide/plugins/com.nxp.mcuxpresso.tools.linux_11.1.0.202001081728/tools/bin/../lib/gcc/arm-none-eabi/8.3.1/../../../../arm-none-eabi/lib/thumb/v8-m.main+fp/hard/libcr_c.a(_fdopen.o)
                0x0000000000002f3c                _fdopen
 .text.fclose   0x0000000000002fa4       0x58 /usr/local/mcuxpressoide-11.1.1_3241/ide/plugins/com.nxp.mcuxpresso.tools.linux_11.1.0.202001081728/tools/bin/../lib/gcc/arm-none-eabi/8.3.1/../../../../arm-none-eabi/lib/thumb/v8-m.main+fp/hard/libcr_c.a(fclose.o)
                0x0000000000002fa4                fclose
 .text.remove   0x0000000000002ffc       0x14 /usr/local/mcuxpressoide-11.1.1_3241/ide/plugins/com.nxp.mcuxpresso.tools.linux_11.1.0.202001081728/tools/bin/../lib/gcc/arm-none-eabi/8.3.1/../../../../arm-none-eabi/lib/thumb/v8-m.main+fp/hard/libcr_c.a(remove.o)
                0x0000000000002ffc                remove
 .text._do_fflush
                0x0000000000003010       0x40 /usr/local/mcuxpressoide-11.1.1_3241/ide/plugins/com.nxp.mcuxpresso.tools.linux_11.1.0.202001081728/tools/bin/../lib/gcc/arm-none-eabi/8.3.1/../../../../arm-none-eabi/lib/thumb/v8-m.main+fp/hard/libcr_c.a(_do_fflush.o)
                0x0000000000003010                _do_fflush
 .text.__aeabi_division_uldivmod
                0x0000000000003050      0x174 /usr/local/mcuxpressoide-11.1.1_3241/ide/plugins/com.nxp.mcuxpresso.tools.linux_11.1.0.202001081728/tools/bin/../lib/gcc/arm-none-eabi/8.3.1/thumb/v8-m.main+fp/hard/libcr_eabihelpers.a(division_64.o)
                0x0000000000003050                __aeabi_uldivmod
                0x0000000000003054                __bhs_ldivmod1
 .text.__aeabi_division_idiv0
                0x00000000000031c4        0x2 /usr/local/mcuxpressoide-11.1.1_3241/ide/plugins/com.nxp.mcuxpresso.tools.linux_11.1.0.202001081728/tools/bin/../lib/gcc/arm-none-eabi/8.3.1/thumb/v8-m.main+fp/hard/libcr_eabihelpers.a(division_idiv0.o)
                0x00000000000031c4                __aeabi_idiv0
 .text.__aeabi_memcpy
                0x00000000000031c6       0x34 /usr/local/mcuxpressoide-11.1.1_3241/ide/plugins/com.nxp.mcuxpresso.tools.linux_11.1.0.202001081728/tools/bin/../lib/gcc/arm-none-eabi/8.3.1/thumb/v8-m.main+fp/hard/libcr_eabihelpers.a(memcpy.o)
                0x00000000000031c6                __aeabi_memcpy
                0x00000000000031d0                __aeabi_memcpy4
                0x00000000000031d0                __aeabi_memcpy8
 .text.__aeabi_memset_lowlevel
                0x00000000000031fa       0x32 /usr/local/mcuxpressoide-11.1.1_3241/ide/plugins/com.nxp.mcuxpresso.tools.linux_11.1.0.202001081728/tools/bin/../lib/gcc/arm-none-eabi/8.3.1/thumb/v8-m.main+fp/hard/libcr_eabihelpers.a(memcpy.o)
                0x00000000000031fa                __aeabi_lowlevel_memset
 .text.__sys_close
                0x000000000000322c        0xc /usr/local/mcuxpressoide-11.1.1_3241/ide/plugins/com.nxp.mcuxpresso.tools.linux_11.1.0.202001081728/tools/bin/../lib/gcc/arm-none-eabi/8.3.1/../../../../arm-none-eabi/lib/thumb/v8-m.main+fp/hard/libcr_semihost_nf.a(__sys_close.o)
                0x000000000000322c                __sys_close
 .text.__sys_flen
                0x0000000000003238        0xc /usr/local/mcuxpressoide-11.1.1_3241/ide/plugins/com.nxp.mcuxpresso.tools.linux_11.1.0.202001081728/tools/bin/../lib/gcc/arm-none-eabi/8.3.1/../../../../arm-none-eabi/lib/thumb/v8-m.main+fp/hard/libcr_semihost_nf.a(__sys_flen.o)
                0x0000000000003238                __sys_flen
 .text.__sys_istty
                0x0000000000003244        0xc /usr/local/mcuxpressoide-11.1.1_3241/ide/plugins/com.nxp.mcuxpresso.tools.linux_11.1.0.202001081728/tools/bin/../lib/gcc/arm-none-eabi/8.3.1/../../../../arm-none-eabi/lib/thumb/v8-m.main+fp/hard/libcr_semihost_nf.a(__sys_istty.o)
                0x0000000000003244                __sys_istty
 .text.__sys_remove
                0x0000000000003250        0xc /usr/local/mcuxpressoide-11.1.1_3241/ide/plugins/com.nxp.mcuxpresso.tools.linux_11.1.0.202001081728/tools/bin/../lib/gcc/arm-none-eabi/8.3.1/../../../../arm-none-eabi/lib/thumb/v8-m.main+fp/hard/libcr_semihost_nf.a(__sys_remove.o)
                0x0000000000003250                __sys_remove
 .text.__sys_seek
                0x000000000000325c        0xc /usr/local/mcuxpressoide-11.1.1_3241/ide/plugins/com.nxp.mcuxpresso.tools.linux_11.1.0.202001081728/tools/bin/../lib/gcc/arm-none-eabi/8.3.1/../../../../arm-none-eabi/lib/thumb/v8-m.main+fp/hard/libcr_semihost_nf.a(__sys_seek.o)
                0x000000000000325c                __sys_seek
 .text.__sys_tmpnam
                0x0000000000003268        0xc /usr/local/mcuxpressoide-11.1.1_3241/ide/plugins/com.nxp.mcuxpresso.tools.linux_11.1.0.202001081728/tools/bin/../lib/gcc/arm-none-eabi/8.3.1/../../../../arm-none-eabi/lib/thumb/v8-m.main+fp/hard/libcr_semihost_nf.a(__sys_tmpnam.o)
                0x0000000000003268                __sys_tmpnam
 .text.__sys_write
                0x0000000000003274        0xc /usr/local/mcuxpressoide-11.1.1_3241/ide/plugins/com.nxp.mcuxpresso.tools.linux_11.1.0.202001081728/tools/bin/../lib/gcc/arm-none-eabi/8.3.1/../../../../arm-none-eabi/lib/thumb/v8-m.main+fp/hard/libcr_semihost_nf.a(__sys_write.o)
                0x0000000000003274                __sys_write
 *(SORT_BY_ALIGNMENT(.rodata) SORT_BY_ALIGNMENT(.rodata.*) SORT_BY_ALIGNMENT(.constdata) SORT_BY_ALIGNMENT(.constdata.*))
 .rodata.SDK_DelayAtLeastUs.str1.4
                0x0000000000003280       0x4c ./drivers/fsl_common.o
 .rodata.FLEXCOMM0_DriverIRQHandler.str1.4
                0x00000000000032cc       0x2e ./drivers/fsl_flexcomm.o
 *fill*         0x00000000000032fa        0x2 ff
 .rodata.FLEXCOMM1_DriverIRQHandler.str1.4
                0x00000000000032fc       0x2e ./drivers/fsl_flexcomm.o
 *fill*         0x000000000000332a        0x2 ff
 .rodata.FLEXCOMM2_DriverIRQHandler.str1.4
                0x000000000000332c       0x2e ./drivers/fsl_flexcomm.o
 *fill*         0x000000000000335a        0x2 ff
 .rodata.FLEXCOMM3_DriverIRQHandler.str1.4
                0x000000000000335c       0x2e ./drivers/fsl_flexcomm.o
 *fill*         0x000000000000338a        0x2 ff
 .rodata.FLEXCOMM4_DriverIRQHandler.str1.4
                0x000000000000338c       0x2e ./drivers/fsl_flexcomm.o
 *fill*         0x00000000000033ba        0x2 ff
 .rodata.FLEXCOMM5_DriverIRQHandler.str1.4
                0x00000000000033bc       0x2e ./drivers/fsl_flexcomm.o
 *fill*         0x00000000000033ea        0x2 ff
 .rodata.FLEXCOMM6_DriverIRQHandler.str1.4
                0x00000000000033ec       0x2e ./drivers/fsl_flexcomm.o
 *fill*         0x000000000000341a        0x2 ff
 .rodata.FLEXCOMM7_DriverIRQHandler.str1.4
                0x000000000000341c       0x2e ./drivers/fsl_flexcomm.o
 *fill*         0x000000000000344a        0x2 ff
 .rodata.FLEXCOMM8_DriverIRQHandler.str1.4
                0x000000000000344c       0x2e ./drivers/fsl_flexcomm.o
 *fill*         0x000000000000347a        0x2 ff
 .rodata.s_gpioClockName
                0x000000000000347c        0x8 ./drivers/fsl_gpio.o
 .rodata.s_gpioResets
                0x0000000000003484       0x18 ./drivers/fsl_gpio.o
 .rodata.GPIO_PortInit.str1.4
                0x000000000000349c       0x34 ./drivers/fsl_gpio.o
 .rodata.s_pintIRQ
                0x00000000000034d0        0xa ./drivers/fsl_pint.o
 *fill*         0x00000000000034da        0x2 ff
 .rodata.PINT_Init.str1.4
                0x00000000000034dc       0x1e ./drivers/fsl_pint.o
 *fill*         0x00000000000034fa        0x2 ff
 .rodata.PINT_PinInterruptConfig.str1.4
                0x00000000000034fc       0x1f ./drivers/fsl_pint.o
 *fill*         0x000000000000351b        0x1 ff
 .rodata.PINT_EnableCallbackByIndex.str1.4
                0x000000000000351c       0x1f ./drivers/fsl_pint.o
 *fill*         0x000000000000353b        0x1 ff
 .rodata.RESET_SetPeripheralReset.str1.4
                0x000000000000353c       0x1f ./drivers/fsl_reset.o
 *fill*         0x000000000000355b        0x1 ff
 .rodata.RESET_ClearPeripheralReset.str1.4
                0x000000000000355c       0x1f ./drivers/fsl_reset.o
 *fill*         0x000000000000357b        0x1 ff
 .rodata.dev_read_test.str1.4
                0x000000000000357c       0x14 ./device/target.o
                                         0x13 (size before relaxing)
 .rodata        0x0000000000003590        0x2 ./device/target.o
 *fill*         0x0000000000003592        0x2 ff
 .rodata.__num_Ciob_streams
                0x0000000000003594        0x4 /usr/local/mcuxpressoide-11.1.1_3241/ide/plugins/com.nxp.mcuxpresso.tools.linux_11.1.0.202001081728/tools/bin/../lib/gcc/arm-none-eabi/8.3.1/../../../../arm-none-eabi/lib/thumb/v8-m.main+fp/hard/libcr_semihost_nf.a(__ciob.o)
                0x0000000000003594                __num_Ciob_streams
 .rodata.__assertion_failed.str1.1
                0x0000000000003598       0x15 /usr/local/mcuxpressoide-11.1.1_3241/ide/plugins/com.nxp.mcuxpresso.tools.linux_11.1.0.202001081728/tools/bin/../lib/gcc/arm-none-eabi/8.3.1/../../../../arm-none-eabi/lib/thumb/v8-m.main+fp/hard/libcr_semihost_nf.a(_cr_assert.o)
 .rodata._Csys_alloc.str1.1
                0x00000000000035ad       0x18 /usr/local/mcuxpressoide-11.1.1_3241/ide/plugins/com.nxp.mcuxpresso.tools.linux_11.1.0.202001081728/tools/bin/../lib/gcc/arm-none-eabi/8.3.1/../../../../arm-none-eabi/lib/thumb/v8-m.main+fp/hard/libcr_c.a(alloc.o)
 .rodata._initio.str1.1
                0x00000000000035c5        0x4 /usr/local/mcuxpressoide-11.1.1_3241/ide/plugins/com.nxp.mcuxpresso.tools.linux_11.1.0.202001081728/tools/bin/../lib/gcc/arm-none-eabi/8.3.1/../../../../arm-none-eabi/lib/thumb/v8-m.main+fp/hard/libcr_c.a(initio.o)
                0x00000000000035cc                . = ALIGN (0x4)
 *fill*         0x00000000000035c9        0x3 ff

.glue_7         0x00000000000035cc        0x0
 .glue_7        0x00000000000035cc        0x0 linker stubs

.glue_7t        0x00000000000035cc        0x0
 .glue_7t       0x00000000000035cc        0x0 linker stubs

.vfp11_veneer   0x00000000000035cc        0x0
 .vfp11_veneer  0x00000000000035cc        0x0 linker stubs

.v4_bx          0x00000000000035cc        0x0
 .v4_bx         0x00000000000035cc        0x0 linker stubs

.iplt           0x00000000000035cc        0x0
 .iplt          0x00000000000035cc        0x0 ./startup/startup_lpc55s69_cm33_core0.o

.rel.dyn        0x00000000000035cc        0x0
 .rel.iplt      0x00000000000035cc        0x0 ./startup/startup_lpc55s69_cm33_core0.o

.ARM.extab
 *(SORT_BY_ALIGNMENT(.ARM.extab*) SORT_BY_ALIGNMENT(.gnu.linkonce.armextab.*))

.ARM.exidx      0x00000000000035cc        0x0
                0x00000000000035cc                __exidx_start = .
 *(SORT_BY_ALIGNMENT(.ARM.exidx*) SORT_BY_ALIGNMENT(.gnu.linkonce.armexidx.*))
                0x00000000000035cc                __exidx_end = .
                0x00000000000035cc                _etext = .

.m_usb_data
 *(SORT_BY_ALIGNMENT(m_usb_global))

.data_RAM2      0x0000000020040000        0x0 load address 0x00000000000035cc
 FILL mask 0xff
                [!provide]                        PROVIDE (__start_data_RAM2 = .)
                [!provide]                        PROVIDE (__start_data_SRAM4 = .)
 *(SORT_BY_ALIGNMENT(.ramfunc.$RAM2))
 *(SORT_BY_ALIGNMENT(.ramfunc.$SRAM4))
 *(SORT_BY_ALIGNMENT(.data.$RAM2))
 *(SORT_BY_ALIGNMENT(.data.$SRAM4))
 *(SORT_BY_ALIGNMENT(.data.$RAM2.*))
 *(SORT_BY_ALIGNMENT(.data.$SRAM4.*))
                0x0000000020040000                . = ALIGN (0x4)
                [!provide]                        PROVIDE (__end_data_RAM2 = .)
                [!provide]                        PROVIDE (__end_data_SRAM4 = .)

.data_RAM3      0x0000000004000000        0x0 load address 0x00000000000035cc
 FILL mask 0xff
                [!provide]                        PROVIDE (__start_data_RAM3 = .)
                [!provide]                        PROVIDE (__start_data_SRAMX = .)
 *(SORT_BY_ALIGNMENT(.ramfunc.$RAM3))
 *(SORT_BY_ALIGNMENT(.ramfunc.$SRAMX))
 *(SORT_BY_ALIGNMENT(.data.$RAM3))
 *(SORT_BY_ALIGNMENT(.data.$SRAMX))
 *(SORT_BY_ALIGNMENT(.data.$RAM3.*))
 *(SORT_BY_ALIGNMENT(.data.$SRAMX.*))
                0x0000000004000000                . = ALIGN (0x4)
                [!provide]                        PROVIDE (__end_data_RAM3 = .)
                [!provide]                        PROVIDE (__end_data_SRAMX = .)

.data_RAM4      0x0000000040100000        0x0 load address 0x00000000000035cc
 FILL mask 0xff
                [!provide]                        PROVIDE (__start_data_RAM4 = .)
                [!provide]                        PROVIDE (__start_data_USB_RAM = .)
 *(SORT_BY_ALIGNMENT(.ramfunc.$RAM4))
 *(SORT_BY_ALIGNMENT(.ramfunc.$USB_RAM))
 *(SORT_BY_ALIGNMENT(.data.$RAM4))
 *(SORT_BY_ALIGNMENT(.data.$USB_RAM))
 *(SORT_BY_ALIGNMENT(.data.$RAM4.*))
 *(SORT_BY_ALIGNMENT(.data.$USB_RAM.*))
                0x0000000040100000                . = ALIGN (0x4)
                [!provide]                        PROVIDE (__end_data_RAM4 = .)
                [!provide]                        PROVIDE (__end_data_USB_RAM = .)

.uninit_RESERVED
                0x0000000020000000        0x0
                0x0000000020000000                _start_uninit_RESERVED = .
 *(SORT_BY_ALIGNMENT(.bss.$RESERVED*))
                0x0000000020000000                . = ALIGN (0x4)
                0x0000000020000000                _end_uninit_RESERVED = .

.data           0x0000000020000000       0xb8 load address 0x00000000000035cc
 FILL mask 0xff
                0x0000000020000000                _data = .
                [!provide]                        PROVIDE (__start_data_RAM = .)
                [!provide]                        PROVIDE (__start_data_SRAM = .)
 *(SORT_BY_ALIGNMENT(vtable))
 *(SORT_BY_ALIGNMENT(.ramfunc*))
 *(SORT_BY_ALIGNMENT(CodeQuickAccess))
 *(SORT_BY_ALIGNMENT(DataQuickAccess))
 *(SORT_BY_ALIGNMENT(RamFunction))
 *(SORT_BY_ALIGNMENT(.data*))
 .data.id       0x0000000020000000        0x4 ./kernel/kernel.o
 .data.s_Ext_Clk_Freq
                0x0000000020000004        0x4 ./drivers/fsl_clock.o
 .data.SystemCoreClock
                0x0000000020000008        0x4 ./device/system_LPC55S69_cm33_core0.o
                0x0000000020000008                SystemCoreClock
 .data.dev_test
                0x000000002000000c       0x34 ./device/target.o
                0x000000002000000c                dev_test
 .data.dev_leds
                0x0000000020000040       0x34 ./device/target.o
                0x0000000020000040                dev_leds
 .data.dev_swuser
                0x0000000020000074       0x34 ./device/target.o
                0x0000000020000074                dev_swuser
 .data.device_table
                0x00000000200000a8       0x10 ./device/target.o
                0x00000000200000a8                device_table
                0x00000000200000b8                . = ALIGN (0x4)
                0x00000000200000b8                _edata = .
                [!provide]                        PROVIDE (__end_data_RAM = .)
                [!provide]                        PROVIDE (__end_data_SRAM = .)

.igot.plt       0x00000000200000b8        0x0 load address 0x0000000000003684
 .igot.plt      0x00000000200000b8        0x0 ./startup/startup_lpc55s69_cm33_core0.o

.bss_RAM2       0x0000000020040000        0x0
                [!provide]                        PROVIDE (__start_bss_RAM2 = .)
                [!provide]                        PROVIDE (__start_bss_SRAM4 = .)
 *(SORT_BY_ALIGNMENT(.bss.$RAM2))
 *(SORT_BY_ALIGNMENT(.bss.$SRAM4))
 *(SORT_BY_ALIGNMENT(.bss.$RAM2.*))
 *(SORT_BY_ALIGNMENT(.bss.$SRAM4.*))
                0x0000000020040000                . = ALIGN ((. != 0x0)?0x4:0x1)
                [!provide]                        PROVIDE (__end_bss_RAM2 = .)
                [!provide]                        PROVIDE (__end_bss_SRAM4 = .)

.bss_RAM3       0x0000000004000000        0x0
                [!provide]                        PROVIDE (__start_bss_RAM3 = .)
                [!provide]                        PROVIDE (__start_bss_SRAMX = .)
 *(SORT_BY_ALIGNMENT(.bss.$RAM3))
 *(SORT_BY_ALIGNMENT(.bss.$SRAMX))
 *(SORT_BY_ALIGNMENT(.bss.$RAM3.*))
 *(SORT_BY_ALIGNMENT(.bss.$SRAMX.*))
                0x0000000004000000                . = ALIGN ((. != 0x0)?0x4:0x1)
                [!provide]                        PROVIDE (__end_bss_RAM3 = .)
                [!provide]                        PROVIDE (__end_bss_SRAMX = .)

.bss_RAM4       0x0000000040100000        0x0
                [!provide]                        PROVIDE (__start_bss_RAM4 = .)
                [!provide]                        PROVIDE (__start_bss_USB_RAM = .)
 *(SORT_BY_ALIGNMENT(.bss.$RAM4))
 *(SORT_BY_ALIGNMENT(.bss.$USB_RAM))
 *(SORT_BY_ALIGNMENT(.bss.$RAM4.*))
 *(SORT_BY_ALIGNMENT(.bss.$USB_RAM.*))
                0x0000000040100000                . = ALIGN ((. != 0x0)?0x4:0x1)
                [!provide]                        PROVIDE (__end_bss_RAM4 = .)
                [!provide]                        PROVIDE (__end_bss_USB_RAM = .)

.bss            0x00000000200000b8      0x19c
                0x00000000200000b8                _bss = .
                [!provide]                        PROVIDE (__start_bss_RAM = .)
                [!provide]                        PROVIDE (__start_bss_SRAM = .)
 *(SORT_BY_ALIGNMENT(.bss*))
 .bss.res       0x00000000200000b8        0x4 ./source/main.o
                0x00000000200000b8                res
 .bss.tsk_running
                0x00000000200000bc        0x4 ./kernel/kernel.o
                0x00000000200000bc                tsk_running
 .bss.tsk_prev  0x00000000200000c0        0x4 ./kernel/kernel.o
                0x00000000200000c0                tsk_prev
 .bss.tsk_sleeping
                0x00000000200000c4        0x4 ./kernel/kernel.o
                0x00000000200000c4                tsk_sleeping
 .bss.sys_tick_cnt
                0x00000000200000c8        0x4 ./kernel/kernel.o
                0x00000000200000c8                sys_tick_cnt
 .bss.s_Pll0_Freq
                0x00000000200000cc        0x4 ./drivers/fsl_clock.o
 .bss.s_flexcommIrqHandler
                0x00000000200000d0       0x24 ./drivers/fsl_flexcomm.o
 .bss.s_flexcommHandle
                0x00000000200000f4       0x24 ./drivers/fsl_flexcomm.o
 .bss.s_pintCallback
                0x0000000020000118       0x28 ./drivers/fsl_pint.o
 .bss.opened_fds
                0x0000000020000140       0x50 ./device/vfs.o
                0x0000000020000140                opened_fds
 .bss.vfs_mutex
                0x0000000020000190        0x4 ./device/vfs.o
                0x0000000020000190                vfs_mutex
 .bss.__Ciob    0x0000000020000194       0xb4 /usr/local/mcuxpressoide-11.1.1_3241/ide/plugins/com.nxp.mcuxpresso.tools.linux_11.1.0.202001081728/tools/bin/../lib/gcc/arm-none-eabi/8.3.1/../../../../arm-none-eabi/lib/thumb/v8-m.main+fp/hard/libcr_semihost_nf.a(__ciob.o)
                0x0000000020000194                __Ciob
 .bss.__end_of_heap
                0x0000000020000248        0x4 /usr/local/mcuxpressoide-11.1.1_3241/ide/plugins/com.nxp.mcuxpresso.tools.linux_11.1.0.202001081728/tools/bin/../lib/gcc/arm-none-eabi/8.3.1/../../../../arm-none-eabi/lib/thumb/v8-m.main+fp/hard/libcr_c.a(__init_alloc.o)
                0x0000000020000248                __end_of_heap
 .bss.__heaps   0x000000002000024c        0x4 /usr/local/mcuxpressoide-11.1.1_3241/ide/plugins/com.nxp.mcuxpresso.tools.linux_11.1.0.202001081728/tools/bin/../lib/gcc/arm-none-eabi/8.3.1/../../../../arm-none-eabi/lib/thumb/v8-m.main+fp/hard/libcr_c.a(__init_alloc.o)
                0x000000002000024c                __heaps
 .bss.errno     0x0000000020000250        0x4 /usr/local/mcuxpressoide-11.1.1_3241/ide/plugins/com.nxp.mcuxpresso.tools.linux_11.1.0.202001081728/tools/bin/../lib/gcc/arm-none-eabi/8.3.1/../../../../arm-none-eabi/lib/thumb/v8-m.main+fp/hard/libcr_c.a(errno.o)
                0x0000000020000250                errno
 *(SORT_BY_ALIGNMENT(COMMON))
                0x0000000020000254                . = ALIGN (0x4)
                0x0000000020000254                _ebss = .
                [!provide]                        PROVIDE (__end_bss_RAM = .)
                [!provide]                        PROVIDE (__end_bss_SRAM = .)
                [!provide]                        PROVIDE (end = .)

.noinit_RAM2    0x0000000020040000        0x0
                [!provide]                        PROVIDE (__start_noinit_RAM2 = .)
                [!provide]                        PROVIDE (__start_noinit_SRAM4 = .)
 *(SORT_BY_ALIGNMENT(.noinit.$RAM2))
 *(SORT_BY_ALIGNMENT(.noinit.$SRAM4))
 *(SORT_BY_ALIGNMENT(.noinit.$RAM2.*))
 *(SORT_BY_ALIGNMENT(.noinit.$SRAM4.*))
                0x0000000020040000                . = ALIGN (0x4)
                [!provide]                        PROVIDE (__end_noinit_RAM2 = .)
                [!provide]                        PROVIDE (__end_noinit_SRAM4 = .)

.noinit_RAM3    0x0000000004000000        0x0
                [!provide]                        PROVIDE (__start_noinit_RAM3 = .)
                [!provide]                        PROVIDE (__start_noinit_SRAMX = .)
 *(SORT_BY_ALIGNMENT(.noinit.$RAM3))
 *(SORT_BY_ALIGNMENT(.noinit.$SRAMX))
 *(SORT_BY_ALIGNMENT(.noinit.$RAM3.*))
 *(SORT_BY_ALIGNMENT(.noinit.$SRAMX.*))
                0x0000000004000000                . = ALIGN (0x4)
                [!provide]                        PROVIDE (__end_noinit_RAM3 = .)
                [!provide]                        PROVIDE (__end_noinit_SRAMX = .)

.noinit_RAM4    0x0000000040100000        0x0
                [!provide]                        PROVIDE (__start_noinit_RAM4 = .)
                [!provide]                        PROVIDE (__start_noinit_USB_RAM = .)
 *(SORT_BY_ALIGNMENT(.noinit.$RAM4))
 *(SORT_BY_ALIGNMENT(.noinit.$USB_RAM))
 *(SORT_BY_ALIGNMENT(.noinit.$RAM4.*))
 *(SORT_BY_ALIGNMENT(.noinit.$USB_RAM.*))
                0x0000000040100000                . = ALIGN (0x4)
                [!provide]                        PROVIDE (__end_noinit_RAM4 = .)
                [!provide]                        PROVIDE (__end_noinit_USB_RAM = .)

.noinit         0x0000000020000254        0x0
                0x0000000020000254                _noinit = .
                [!provide]                        PROVIDE (__start_noinit_RAM = .)
                [!provide]                        PROVIDE (__start_noinit_SRAM = .)
 *(SORT_BY_ALIGNMENT(.noinit*))
                0x0000000020000254                . = ALIGN (0x4)
                0x0000000020000254                _end_noinit = .
                [!provide]                        PROVIDE (__end_noinit_RAM = .)
                [!provide]                        PROVIDE (__end_noinit_SRAM = .)
                0x0000000000001000                _HeapSize = 0x1000

.heap           0x0000000020000254     0x1000
                0x0000000020000254                _pvHeapStart = .
                0x0000000020001254                . = (. + _HeapSize)
 *fill*         0x0000000020000254     0x1000 
                0x0000000020001254                . = ALIGN (0x4)
                0x0000000020001254                _pvHeapLimit = .
                0x0000000000001000                _StackSize = 0x1000

.heap2stackfill
                0x0000000020001254     0x1000
                0x0000000020002254                . = (. + _StackSize)
 *fill*         0x0000000020001254     0x1000 

.stack          0x000000002003f000        0x0
                0x000000002003f000                _vStackBase = .
                0x000000002003f000                . = ALIGN (0x4)
                0x0000000020040000                _vStackTop = (. + _StackSize)
                [!provide]                        PROVIDE (__valid_user_code_checksum = (0x0 - ((((((_vStackTop + (ResetISR + 0x1)) + (NMI_Handler + 0x1)) + (HardFault_Handler + 0x1)) + (DEFINED (MemManage_Handler)?MemManage_Handler:0x0 + 0x1)) + (DEFINED (BusFault_Handler)?BusFault_Handler:0x0 + 0x1)) + (DEFINED (UsageFault_Handler)?UsageFault_Handler:0x0 + 0x1))))
                0x0000000000000000                _image_start = LOADADDR (.text)
                0x0000000000003684                _image_end = (LOADADDR (.data) + SIZEOF (.data))
                0x0000000000003684                _image_size = (_image_end - _image_start)
OUTPUT(LPC55S69_OS.axf elf32-littlearm)

.debug_info     0x0000000000000000    0x192ca
 .debug_info    0x0000000000000000     0x10b8 ./startup/startup_lpc55s69_cm33_core0.o
 .debug_info    0x00000000000010b8       0x22 ./startup/svc.o
 .debug_info    0x00000000000010da      0x4ce ./source/main.o
 .debug_info    0x00000000000015a8      0x30f ./source/oslib.o
 .debug_info    0x00000000000018b7       0x3c ./source/semihost_hardfault.o
 .debug_info    0x00000000000018f3      0xe4b ./kernel/kernel.o
 .debug_info    0x000000000000273e      0x457 ./kernel/list.o
 .debug_info    0x0000000000002b95     0x3189 ./drivers/fsl_clock.o
 .debug_info    0x0000000000005d1e      0x2a8 ./drivers/fsl_common.o
 .debug_info    0x0000000000005fc6     0x19d7 ./drivers/fsl_flexcomm.o
 .debug_info    0x000000000000799d     0x1702 ./drivers/fsl_gpio.o
 .debug_info    0x000000000000909f     0x1e87 ./drivers/fsl_inputmux.o
 .debug_info    0x000000000000af26     0x21f5 ./drivers/fsl_pint.o
 .debug_info    0x000000000000d11b      0xf17 ./drivers/fsl_reset.o
 .debug_info    0x000000000000e032     0x13b4 ./device/system_LPC55S69_cm33_core0.o
 .debug_info    0x000000000000f3e6     0x2278 ./device/target.o
 .debug_info    0x000000000001165e      0x92f ./device/vfs.o
 .debug_info    0x0000000000011f8d      0xa4b ./board/board.o
 .debug_info    0x00000000000129d8     0x15c6 ./board/clock_config.o
 .debug_info    0x0000000000013f9e       0x4e ./board/peripherals.o
 .debug_info    0x0000000000013fec     0x1ea1 ./board/pin_mux.o
 .debug_info    0x0000000000015e8d     0x343d /home/eric/dev/baremetal/nxp-lpc55s69-evk/workspace/LPC55S69_OS/libs/libpower_hardabi.a(fsl_power_lib.o)

.debug_abbrev   0x0000000000000000     0x2b94
 .debug_abbrev  0x0000000000000000      0x229 ./startup/startup_lpc55s69_cm33_core0.o
 .debug_abbrev  0x0000000000000229       0x12 ./startup/svc.o
 .debug_abbrev  0x000000000000023b      0x112 ./source/main.o
 .debug_abbrev  0x000000000000034d      0x160 ./source/oslib.o
 .debug_abbrev  0x00000000000004ad       0x31 ./source/semihost_hardfault.o
 .debug_abbrev  0x00000000000004de      0x35c ./kernel/kernel.o
 .debug_abbrev  0x000000000000083a      0x171 ./kernel/list.o
 .debug_abbrev  0x00000000000009ab      0x38c ./drivers/fsl_clock.o
 .debug_abbrev  0x0000000000000d37      0x153 ./drivers/fsl_common.o
 .debug_abbrev  0x0000000000000e8a      0x2f0 ./drivers/fsl_flexcomm.o
 .debug_abbrev  0x000000000000117a      0x244 ./drivers/fsl_gpio.o
 .debug_abbrev  0x00000000000013be      0x209 ./drivers/fsl_inputmux.o
 .debug_abbrev  0x00000000000015c7      0x30c ./drivers/fsl_pint.o
 .debug_abbrev  0x00000000000018d3      0x195 ./drivers/fsl_reset.o
 .debug_abbrev  0x0000000000001a68      0x1fa ./device/system_LPC55S69_cm33_core0.o
 .debug_abbrev  0x0000000000001c62      0x2d1 ./device/target.o
 .debug_abbrev  0x0000000000001f33      0x1d7 ./device/vfs.o
 .debug_abbrev  0x000000000000210a      0x172 ./board/board.o
 .debug_abbrev  0x000000000000227c      0x1f6 ./board/clock_config.o
 .debug_abbrev  0x0000000000002472       0x4b ./board/peripherals.o
 .debug_abbrev  0x00000000000024bd      0x245 ./board/pin_mux.o
 .debug_abbrev  0x0000000000002702      0x492 /home/eric/dev/baremetal/nxp-lpc55s69-evk/workspace/LPC55S69_OS/libs/libpower_hardabi.a(fsl_power_lib.o)

.debug_aranges  0x0000000000000000      0xbc8
 .debug_aranges
                0x0000000000000000      0x270 ./startup/startup_lpc55s69_cm33_core0.o
 .debug_aranges
                0x0000000000000270       0x28 ./startup/svc.o
 .debug_aranges
                0x0000000000000298       0x20 ./source/main.o
 .debug_aranges
                0x00000000000002b8       0x78 ./source/oslib.o
 .debug_aranges
                0x0000000000000330       0x20 ./source/semihost_hardfault.o
 .debug_aranges
                0x0000000000000350       0x98 ./kernel/kernel.o
 .debug_aranges
                0x00000000000003e8       0x48 ./kernel/list.o
 .debug_aranges
                0x0000000000000430      0x220 ./drivers/fsl_clock.o
 .debug_aranges
                0x0000000000000650       0x38 ./drivers/fsl_common.o
 .debug_aranges
                0x0000000000000688       0x90 ./drivers/fsl_flexcomm.o
 .debug_aranges
                0x0000000000000718       0x30 ./drivers/fsl_gpio.o
 .debug_aranges
                0x0000000000000748       0x40 ./drivers/fsl_inputmux.o
 .debug_aranges
                0x0000000000000788      0x118 ./drivers/fsl_pint.o
 .debug_aranges
                0x00000000000008a0       0x30 ./drivers/fsl_reset.o
 .debug_aranges
                0x00000000000008d0       0x88 ./device/system_LPC55S69_cm33_core0.o
 .debug_aranges
                0x0000000000000958       0xa0 ./device/target.o
 .debug_aranges
                0x00000000000009f8       0x68 ./device/vfs.o
 .debug_aranges
                0x0000000000000a60       0x30 ./board/board.o
 .debug_aranges
                0x0000000000000a90       0x48 ./board/clock_config.o
 .debug_aranges
                0x0000000000000ad8       0x28 ./board/peripherals.o
 .debug_aranges
                0x0000000000000b00       0x40 ./board/pin_mux.o
 .debug_aranges
                0x0000000000000b40       0x88 /home/eric/dev/baremetal/nxp-lpc55s69-evk/workspace/LPC55S69_OS/libs/libpower_hardabi.a(fsl_power_lib.o)

.debug_ranges   0x0000000000000000      0xbc0
 .debug_ranges  0x0000000000000000      0x260 ./startup/startup_lpc55s69_cm33_core0.o
 .debug_ranges  0x0000000000000260       0x20 ./startup/svc.o
 .debug_ranges  0x0000000000000280       0x10 ./source/main.o
 .debug_ranges  0x0000000000000290       0x68 ./source/oslib.o
 .debug_ranges  0x00000000000002f8       0x10 ./source/semihost_hardfault.o
 .debug_ranges  0x0000000000000308       0x88 ./kernel/kernel.o
 .debug_ranges  0x0000000000000390       0x38 ./kernel/list.o
 .debug_ranges  0x00000000000003c8      0x210 ./drivers/fsl_clock.o
 .debug_ranges  0x00000000000005d8       0x28 ./drivers/fsl_common.o
 .debug_ranges  0x0000000000000600       0x80 ./drivers/fsl_flexcomm.o
 .debug_ranges  0x0000000000000680       0x20 ./drivers/fsl_gpio.o
 .debug_ranges  0x00000000000006a0       0x30 ./drivers/fsl_inputmux.o
 .debug_ranges  0x00000000000006d0      0x108 ./drivers/fsl_pint.o
 .debug_ranges  0x00000000000007d8       0x20 ./drivers/fsl_reset.o
 .debug_ranges  0x00000000000007f8       0x78 ./device/system_LPC55S69_cm33_core0.o
 .debug_ranges  0x0000000000000870       0x90 ./device/target.o
 .debug_ranges  0x0000000000000900       0x58 ./device/vfs.o
 .debug_ranges  0x0000000000000958       0x20 ./board/board.o
 .debug_ranges  0x0000000000000978       0x38 ./board/clock_config.o
 .debug_ranges  0x00000000000009b0       0x18 ./board/peripherals.o
 .debug_ranges  0x00000000000009c8       0x30 ./board/pin_mux.o
 .debug_ranges  0x00000000000009f8      0x1c8 /home/eric/dev/baremetal/nxp-lpc55s69-evk/workspace/LPC55S69_OS/libs/libpower_hardabi.a(fsl_power_lib.o)

.debug_macro    0x0000000000000000     0x25d0
 .debug_macro   0x0000000000000000      0x185 ./startup/startup_lpc55s69_cm33_core0.o
 .debug_macro   0x0000000000000185       0x1c ./startup/startup_lpc55s69_cm33_core0.o
 .debug_macro   0x00000000000001a1       0x22 ./startup/startup_lpc55s69_cm33_core0.o
 .debug_macro   0x00000000000001c3       0x28 ./startup/startup_lpc55s69_cm33_core0.o
 .debug_macro   0x00000000000001eb       0x10 ./startup/startup_lpc55s69_cm33_core0.o
 .debug_macro   0x00000000000001fb       0xf6 ./startup/startup_lpc55s69_cm33_core0.o
 .debug_macro   0x00000000000002f1      0x294 ./startup/startup_lpc55s69_cm33_core0.o
 .debug_macro   0x0000000000000585       0x5e ./startup/startup_lpc55s69_cm33_core0.o
 .debug_macro   0x00000000000005e3      0x188 ./source/main.o
 .debug_macro   0x000000000000076b       0xd8 ./source/main.o
 .debug_macro   0x0000000000000843       0x76 ./source/main.o
 .debug_macro   0x00000000000008b9      0x16e ./source/oslib.o
 .debug_macro   0x0000000000000a27       0x16 ./source/oslib.o
 .debug_macro   0x0000000000000a3d       0x1c ./source/oslib.o
 .debug_macro   0x0000000000000a59       0x11 ./source/semihost_hardfault.o
 .debug_macro   0x0000000000000a6a      0x166 ./kernel/kernel.o
 .debug_macro   0x0000000000000bd0      0x173 ./kernel/list.o
 .debug_macro   0x0000000000000d43      0x1bd ./drivers/fsl_clock.o
 .debug_macro   0x0000000000000f00      0x2cc ./drivers/fsl_clock.o
 .debug_macro   0x00000000000011cc      0x124 ./drivers/fsl_common.o
 .debug_macro   0x00000000000012f0      0x127 ./drivers/fsl_flexcomm.o
 .debug_macro   0x0000000000001417       0x10 ./drivers/fsl_flexcomm.o
 .debug_macro   0x0000000000001427      0x12e ./drivers/fsl_gpio.o
 .debug_macro   0x0000000000001555      0x131 ./drivers/fsl_inputmux.o
 .debug_macro   0x0000000000001686       0x70 ./drivers/fsl_inputmux.o
 .debug_macro   0x00000000000016f6      0x12d ./drivers/fsl_pint.o
 .debug_macro   0x0000000000001823       0x70 ./drivers/fsl_pint.o
 .debug_macro   0x0000000000001893      0x11e ./drivers/fsl_reset.o
 .debug_macro   0x00000000000019b1       0xc1 ./device/system_LPC55S69_cm33_core0.o
 .debug_macro   0x0000000000001a72      0x1aa ./device/target.o
 .debug_macro   0x0000000000001c1c       0x76 ./device/target.o
 .debug_macro   0x0000000000001c92       0x6a ./device/target.o
 .debug_macro   0x0000000000001cfc       0x16 ./device/target.o
 .debug_macro   0x0000000000001d12      0x17e ./device/vfs.o
 .debug_macro   0x0000000000001e90      0x19a ./board/board.o
 .debug_macro   0x000000000000202a       0x16 ./board/board.o
 .debug_macro   0x0000000000002040       0x2e ./board/board.o
 .debug_macro   0x000000000000206e      0x13e ./board/clock_config.o
 .debug_macro   0x00000000000021ac      0x2c6 ./board/clock_config.o
 .debug_macro   0x0000000000002472       0x1b ./board/peripherals.o
 .debug_macro   0x000000000000248d      0x143 ./board/pin_mux.o

.debug_line     0x0000000000000000     0x8e70
 .debug_line    0x0000000000000000      0xb4c ./startup/startup_lpc55s69_cm33_core0.o
 .debug_line    0x0000000000000b4c       0x74 ./startup/svc.o
 .debug_line    0x0000000000000bc0      0x425 ./source/main.o
 .debug_line    0x0000000000000fe5      0x525 ./source/oslib.o
 .debug_line    0x000000000000150a       0x5a ./source/semihost_hardfault.o
 .debug_line    0x0000000000001564      0x7ce ./kernel/kernel.o
 .debug_line    0x0000000000001d32      0x582 ./kernel/list.o
 .debug_line    0x00000000000022b4     0x16c7 ./drivers/fsl_clock.o
 .debug_line    0x000000000000397b      0x406 ./drivers/fsl_common.o
 .debug_line    0x0000000000003d81      0x5fc ./drivers/fsl_flexcomm.o
 .debug_line    0x000000000000437d      0x3c5 ./drivers/fsl_gpio.o
 .debug_line    0x0000000000004742      0x406 ./drivers/fsl_inputmux.o
 .debug_line    0x0000000000004b48      0xb44 ./drivers/fsl_pint.o
 .debug_line    0x000000000000568c      0x3ce ./drivers/fsl_reset.o
 .debug_line    0x0000000000005a5a      0x66f ./device/system_LPC55S69_cm33_core0.o
 .debug_line    0x00000000000060c9      0x892 ./device/target.o
 .debug_line    0x000000000000695b      0x710 ./device/vfs.o
 .debug_line    0x000000000000706b      0x540 ./board/board.o
 .debug_line    0x00000000000075ab      0x47b ./board/clock_config.o
 .debug_line    0x0000000000007a26       0x71 ./board/peripherals.o
 .debug_line    0x0000000000007a97      0x4f4 ./board/pin_mux.o
 .debug_line    0x0000000000007f8b      0xee5 /home/eric/dev/baremetal/nxp-lpc55s69-evk/workspace/LPC55S69_OS/libs/libpower_hardabi.a(fsl_power_lib.o)

.debug_str      0x0000000000000000    0xb774d
 .debug_str     0x0000000000000000    0xacc6a ./startup/startup_lpc55s69_cm33_core0.o
                                      0xacdc2 (size before relaxing)
 .debug_str     0x00000000000acc6a       0x1f ./startup/svc.o
                                         0x65 (size before relaxing)
 .debug_str     0x00000000000acc89      0x566 ./source/main.o
                                      0xac539 (size before relaxing)
 .debug_str     0x00000000000ad1ef       0x4a ./source/oslib.o
                                      0xab9fe (size before relaxing)
 .debug_str     0x00000000000ad239       0x1f ./source/semihost_hardfault.o
                                       0x2f06 (size before relaxing)
 .debug_str     0x00000000000ad258      0x199 ./kernel/kernel.o
                                      0xac72a (size before relaxing)
 .debug_str     0x00000000000ad3f1       0x7b ./kernel/list.o
                                      0xabbb5 (size before relaxing)
 .debug_str     0x00000000000ad46c     0x4031 ./drivers/fsl_clock.o
                                      0xae6b6 (size before relaxing)
 .debug_str     0x00000000000b149d      0x13b ./drivers/fsl_common.o
                                      0xa9ec3 (size before relaxing)
 .debug_str     0x00000000000b15d8      0x976 ./drivers/fsl_flexcomm.o
                                      0xac0af (size before relaxing)
 .debug_str     0x00000000000b1f4e      0x130 ./drivers/fsl_gpio.o
                                      0xaba3b (size before relaxing)
 .debug_str     0x00000000000b207e     0x30c9 ./drivers/fsl_inputmux.o
                                      0xadb17 (size before relaxing)
 .debug_str     0x00000000000b5147      0xb77 ./drivers/fsl_pint.o
                                      0xac9ab (size before relaxing)
 .debug_str     0x00000000000b5cbe       0xae ./drivers/fsl_reset.o
                                      0xaab70 (size before relaxing)
 .debug_str     0x00000000000b5d6c      0x11f ./device/system_LPC55S69_cm33_core0.o
                                      0xa8990 (size before relaxing)
 .debug_str     0x00000000000b5e8b      0x1c5 ./device/target.o
                                      0xaffde (size before relaxing)
 .debug_str     0x00000000000b6050       0x57 ./device/vfs.o
                                      0xac313 (size before relaxing)
 .debug_str     0x00000000000b60a7      0x4f7 ./board/board.o
                                      0xad35d (size before relaxing)
 .debug_str     0x00000000000b659e       0x93 ./board/clock_config.o
                                      0xac7db (size before relaxing)
 .debug_str     0x00000000000b6631       0x47 ./board/peripherals.o
                                       0x2f2d (size before relaxing)
 .debug_str     0x00000000000b6678       0x9e ./board/pin_mux.o
                                      0xae1ce (size before relaxing)
 .debug_str     0x00000000000b6716     0x1037 /home/eric/dev/baremetal/nxp-lpc55s69-evk/workspace/LPC55S69_OS/libs/libpower_hardabi.a(fsl_power_lib.o)
                                       0x31b0 (size before relaxing)

.comment        0x0000000000000000       0xeb
 .comment       0x0000000000000000       0x76 ./startup/startup_lpc55s69_cm33_core0.o
                                         0x77 (size before relaxing)
 .comment       0x0000000000000076       0x77 ./source/main.o
 .comment       0x0000000000000076       0x77 ./source/oslib.o
 .comment       0x0000000000000076       0x77 ./source/semihost_hardfault.o
 .comment       0x0000000000000076       0x77 ./kernel/kernel.o
 .comment       0x0000000000000076       0x77 ./kernel/list.o
 .comment       0x0000000000000076       0x77 ./drivers/fsl_clock.o
 .comment       0x0000000000000076       0x77 ./drivers/fsl_common.o
 .comment       0x0000000000000076       0x77 ./drivers/fsl_flexcomm.o
 .comment       0x0000000000000076       0x77 ./drivers/fsl_gpio.o
 .comment       0x0000000000000076       0x77 ./drivers/fsl_inputmux.o
 .comment       0x0000000000000076       0x77 ./drivers/fsl_pint.o
 .comment       0x0000000000000076       0x77 ./drivers/fsl_reset.o
 .comment       0x0000000000000076       0x77 ./device/system_LPC55S69_cm33_core0.o
 .comment       0x0000000000000076       0x77 ./device/target.o
 .comment       0x0000000000000076       0x77 ./device/vfs.o
 .comment       0x0000000000000076       0x77 ./board/board.o
 .comment       0x0000000000000076       0x77 ./board/clock_config.o
 .comment       0x0000000000000076       0x77 ./board/peripherals.o
 .comment       0x0000000000000076       0x77 ./board/pin_mux.o
 .comment       0x0000000000000076       0x75 /home/eric/dev/baremetal/nxp-lpc55s69-evk/workspace/LPC55S69_OS/libs/libpower_hardabi.a(fsl_power_lib.o)
                                         0x76 (size before relaxing)
 .comment       0x00000000000000eb       0x77 /usr/local/mcuxpressoide-11.1.1_3241/ide/plugins/com.nxp.mcuxpresso.tools.linux_11.1.0.202001081728/tools/bin/../lib/gcc/arm-none-eabi/8.3.1/../../../../arm-none-eabi/lib/thumb/v8-m.main+fp/hard/libcr_semihost_nf.a(_cr__main.o)
 .comment       0x00000000000000eb       0x77 /usr/local/mcuxpressoide-11.1.1_3241/ide/plugins/com.nxp.mcuxpresso.tools.linux_11.1.0.202001081728/tools/bin/../lib/gcc/arm-none-eabi/8.3.1/../../../../arm-none-eabi/lib/thumb/v8-m.main+fp/hard/libcr_semihost_nf.a(_cr_assert.o)
 .comment       0x00000000000000eb       0x77 /usr/local/mcuxpressoide-11.1.1_3241/ide/plugins/com.nxp.mcuxpresso.tools.linux_11.1.0.202001081728/tools/bin/../lib/gcc/arm-none-eabi/8.3.1/../../../../arm-none-eabi/lib/thumb/v8-m.main+fp/hard/libcr_semihost_nf.a(__ciob.o)
 .comment       0x00000000000000eb       0x77 /usr/local/mcuxpressoide-11.1.1_3241/ide/plugins/com.nxp.mcuxpresso.tools.linux_11.1.0.202001081728/tools/bin/../lib/gcc/arm-none-eabi/8.3.1/../../../../arm-none-eabi/lib/thumb/v8-m.main+fp/hard/libcr_c.a(memcpy.o)
 .comment       0x00000000000000eb       0x77 /usr/local/mcuxpressoide-11.1.1_3241/ide/plugins/com.nxp.mcuxpresso.tools.linux_11.1.0.202001081728/tools/bin/../lib/gcc/arm-none-eabi/8.3.1/../../../../arm-none-eabi/lib/thumb/v8-m.main+fp/hard/libcr_c.a(memset.o)
 .comment       0x00000000000000eb       0x77 /usr/local/mcuxpressoide-11.1.1_3241/ide/plugins/com.nxp.mcuxpresso.tools.linux_11.1.0.202001081728/tools/bin/../lib/gcc/arm-none-eabi/8.3.1/../../../../arm-none-eabi/lib/thumb/v8-m.main+fp/hard/libcr_c.a(_deferredlazyseek.o)
 .comment       0x00000000000000eb       0x77 /usr/local/mcuxpressoide-11.1.1_3241/ide/plugins/com.nxp.mcuxpresso.tools.linux_11.1.0.202001081728/tools/bin/../lib/gcc/arm-none-eabi/8.3.1/../../../../arm-none-eabi/lib/thumb/v8-m.main+fp/hard/libcr_c.a(_fflush.o)
 .comment       0x00000000000000eb       0x77 /usr/local/mcuxpressoide-11.1.1_3241/ide/plugins/com.nxp.mcuxpresso.tools.linux_11.1.0.202001081728/tools/bin/../lib/gcc/arm-none-eabi/8.3.1/../../../../arm-none-eabi/lib/thumb/v8-m.main+fp/hard/libcr_c.a(_writebuf.o)
 .comment       0x00000000000000eb       0x77 /usr/local/mcuxpressoide-11.1.1_3241/ide/plugins/com.nxp.mcuxpresso.tools.linux_11.1.0.202001081728/tools/bin/../lib/gcc/arm-none-eabi/8.3.1/../../../../arm-none-eabi/lib/thumb/v8-m.main+fp/hard/libcr_c.a(alloc.o)
 .comment       0x00000000000000eb       0x77 /usr/local/mcuxpressoide-11.1.1_3241/ide/plugins/com.nxp.mcuxpresso.tools.linux_11.1.0.202001081728/tools/bin/../lib/gcc/arm-none-eabi/8.3.1/../../../../arm-none-eabi/lib/thumb/v8-m.main+fp/hard/libcr_c.a(fputs.o)
 .comment       0x00000000000000eb       0x77 /usr/local/mcuxpressoide-11.1.1_3241/ide/plugins/com.nxp.mcuxpresso.tools.linux_11.1.0.202001081728/tools/bin/../lib/gcc/arm-none-eabi/8.3.1/../../../../arm-none-eabi/lib/thumb/v8-m.main+fp/hard/libcr_c.a(fseek.o)
 .comment       0x00000000000000eb       0x77 /usr/local/mcuxpressoide-11.1.1_3241/ide/plugins/com.nxp.mcuxpresso.tools.linux_11.1.0.202001081728/tools/bin/../lib/gcc/arm-none-eabi/8.3.1/../../../../arm-none-eabi/lib/thumb/v8-m.main+fp/hard/libcr_c.a(ftell.o)
 .comment       0x00000000000000eb       0x77 /usr/local/mcuxpressoide-11.1.1_3241/ide/plugins/com.nxp.mcuxpresso.tools.linux_11.1.0.202001081728/tools/bin/../lib/gcc/arm-none-eabi/8.3.1/../../../../arm-none-eabi/lib/thumb/v8-m.main+fp/hard/libcr_c.a(initio.o)
 .comment       0x00000000000000eb       0x77 /usr/local/mcuxpressoide-11.1.1_3241/ide/plugins/com.nxp.mcuxpresso.tools.linux_11.1.0.202001081728/tools/bin/../lib/gcc/arm-none-eabi/8.3.1/../../../../arm-none-eabi/lib/thumb/v8-m.main+fp/hard/libcr_c.a(setvbuf.o)
 .comment       0x00000000000000eb       0x77 /usr/local/mcuxpressoide-11.1.1_3241/ide/plugins/com.nxp.mcuxpresso.tools.linux_11.1.0.202001081728/tools/bin/../lib/gcc/arm-none-eabi/8.3.1/../../../../arm-none-eabi/lib/thumb/v8-m.main+fp/hard/libcr_c.a(strlen.o)
 .comment       0x00000000000000eb       0x77 /usr/local/mcuxpressoide-11.1.1_3241/ide/plugins/com.nxp.mcuxpresso.tools.linux_11.1.0.202001081728/tools/bin/../lib/gcc/arm-none-eabi/8.3.1/../../../../arm-none-eabi/lib/thumb/v8-m.main+fp/hard/libcr_c.a(__init_alloc.o)
 .comment       0x00000000000000eb       0x77 /usr/local/mcuxpressoide-11.1.1_3241/ide/plugins/com.nxp.mcuxpresso.tools.linux_11.1.0.202001081728/tools/bin/../lib/gcc/arm-none-eabi/8.3.1/../../../../arm-none-eabi/lib/thumb/v8-m.main+fp/hard/libcr_c.a(_cr_sbrk.o)
 .comment       0x00000000000000eb       0x77 /usr/local/mcuxpressoide-11.1.1_3241/ide/plugins/com.nxp.mcuxpresso.tools.linux_11.1.0.202001081728/tools/bin/../lib/gcc/arm-none-eabi/8.3.1/../../../../arm-none-eabi/lib/thumb/v8-m.main+fp/hard/libcr_c.a(_fdopen.o)
 .comment       0x00000000000000eb       0x77 /usr/local/mcuxpressoide-11.1.1_3241/ide/plugins/com.nxp.mcuxpresso.tools.linux_11.1.0.202001081728/tools/bin/../lib/gcc/arm-none-eabi/8.3.1/../../../../arm-none-eabi/lib/thumb/v8-m.main+fp/hard/libcr_c.a(errno.o)
 .comment       0x00000000000000eb       0x77 /usr/local/mcuxpressoide-11.1.1_3241/ide/plugins/com.nxp.mcuxpresso.tools.linux_11.1.0.202001081728/tools/bin/../lib/gcc/arm-none-eabi/8.3.1/../../../../arm-none-eabi/lib/thumb/v8-m.main+fp/hard/libcr_c.a(fclose.o)
 .comment       0x00000000000000eb       0x77 /usr/local/mcuxpressoide-11.1.1_3241/ide/plugins/com.nxp.mcuxpresso.tools.linux_11.1.0.202001081728/tools/bin/../lib/gcc/arm-none-eabi/8.3.1/../../../../arm-none-eabi/lib/thumb/v8-m.main+fp/hard/libcr_c.a(fflush.o)
 .comment       0x00000000000000eb       0x77 /usr/local/mcuxpressoide-11.1.1_3241/ide/plugins/com.nxp.mcuxpresso.tools.linux_11.1.0.202001081728/tools/bin/../lib/gcc/arm-none-eabi/8.3.1/../../../../arm-none-eabi/lib/thumb/v8-m.main+fp/hard/libcr_c.a(remove.o)
 .comment       0x00000000000000eb       0x77 /usr/local/mcuxpressoide-11.1.1_3241/ide/plugins/com.nxp.mcuxpresso.tools.linux_11.1.0.202001081728/tools/bin/../lib/gcc/arm-none-eabi/8.3.1/../../../../arm-none-eabi/lib/thumb/v8-m.main+fp/hard/libcr_c.a(_cr_check_heap.o)
 .comment       0x00000000000000eb       0x77 /usr/local/mcuxpressoide-11.1.1_3241/ide/plugins/com.nxp.mcuxpresso.tools.linux_11.1.0.202001081728/tools/bin/../lib/gcc/arm-none-eabi/8.3.1/../../../../arm-none-eabi/lib/thumb/v8-m.main+fp/hard/libcr_c.a(_do_fflush.o)

.ARM.attributes
                0x0000000000000000       0x38
 .ARM.attributes
                0x0000000000000000       0x3a ./startup/startup_lpc55s69_cm33_core0.o
 .ARM.attributes
                0x000000000000003a       0x26 ./startup/svc.o
 .ARM.attributes
                0x0000000000000060       0x3a ./source/main.o
 .ARM.attributes
                0x000000000000009a       0x3a ./source/oslib.o
 .ARM.attributes
                0x00000000000000d4       0x3a ./source/semihost_hardfault.o
 .ARM.attributes
                0x000000000000010e       0x3a ./kernel/kernel.o
 .ARM.attributes
                0x0000000000000148       0x3a ./kernel/list.o
 .ARM.attributes
                0x0000000000000182       0x3a ./drivers/fsl_clock.o
 .ARM.attributes
                0x00000000000001bc       0x3a ./drivers/fsl_common.o
 .ARM.attributes
                0x00000000000001f6       0x3a ./drivers/fsl_flexcomm.o
 .ARM.attributes
                0x0000000000000230       0x3a ./drivers/fsl_gpio.o
 .ARM.attributes
                0x000000000000026a       0x3a ./drivers/fsl_inputmux.o
 .ARM.attributes
                0x00000000000002a4       0x3a ./drivers/fsl_pint.o
 .ARM.attributes
                0x00000000000002de       0x3a ./drivers/fsl_reset.o
 .ARM.attributes
                0x0000000000000318       0x3a ./device/system_LPC55S69_cm33_core0.o
 .ARM.attributes
                0x0000000000000352       0x3a ./device/target.o
 .ARM.attributes
                0x000000000000038c       0x3a ./device/vfs.o
 .ARM.attributes
                0x00000000000003c6       0x3a ./board/board.o
 .ARM.attributes
                0x0000000000000400       0x3a ./board/clock_config.o
 .ARM.attributes
                0x000000000000043a       0x3a ./board/peripherals.o
 .ARM.attributes
                0x0000000000000474       0x3a ./board/pin_mux.o
 .ARM.attributes
                0x00000000000004ae       0x3a /home/eric/dev/baremetal/nxp-lpc55s69-evk/workspace/LPC55S69_OS/libs/libpower_hardabi.a(fsl_power_lib.o)
 .ARM.attributes
                0x00000000000004e8       0x3a /usr/local/mcuxpressoide-11.1.1_3241/ide/plugins/com.nxp.mcuxpresso.tools.linux_11.1.0.202001081728/tools/bin/../lib/gcc/arm-none-eabi/8.3.1/../../../../arm-none-eabi/lib/thumb/v8-m.main+fp/hard/libcr_semihost_nf.a(_cr__main.o)
 .ARM.attributes