core_cm33.h:2127:22:__NVIC_EnableIRQ	16	static
fsl_common.h:460:28:EnableIRQ	16	static
fsl_spi.h:393:20:SPI_Enable	16	static
fsl_spi.h:533:20:SPI_SetTransferDelay	16	static
fsl_spi.h:724:20:SPI_SlaveTransferHandleIRQ	16	static
fsl_spi.c:70:10:SPI_GetInstance	24	static
fsl_spi.c:92:6:SPI_SetDummyData	24	static
fsl_spi.c:105:7:SPI_GetConfig	24	static
fsl_spi.c:127:6:SPI_MasterGetDefaultConfig	16	static
fsl_spi.c:169:10:SPI_MasterInit	40	static
fsl_spi.c:253:6:SPI_SlaveGetDefaultConfig	16	static
fsl_spi.c:290:10:SPI_SlaveInit	32	static
fsl_spi.c:352:6:SPI_Deinit	16	static
fsl_spi.c:369:6:SPI_EnableTxDMA	16	static
fsl_spi.c:387:6:SPI_EnableRxDMA	16	static
fsl_spi.c:406:10:SPI_MasterSetBaud	32	static
fsl_spi.c:435:6:SPI_WriteData	32	static
fsl_spi.c:467:10:SPI_MasterTransferCreateHandle	32	static
fsl_spi.c:518:10:SPI_MasterTransferBlocking	64	static
fsl_spi.c:636:10:SPI_MasterTransferNonBlocking	24	static
fsl_spi.c:690:10:SPI_MasterHalfDuplexTransferBlocking	40	static
fsl_spi.c:759:10:SPI_MasterHalfDuplexTransferNonBlocking	48	static
fsl_spi.c:825:10:SPI_MasterTransferGetCount	24	static
fsl_spi.c:853:6:SPI_MasterTransferAbort	16	static
fsl_spi.c:867:13:SPI_TransferHandleIRQInternal	56	static
fsl_spi.c:974:6:SPI_MasterTransferHandleIRQ	40	static
