core_cm33.h:2127:22:__NVIC_EnableIRQ	16	static
fsl_common.h:460:28:EnableIRQ	16	static
fsl_i2c.h:456:20:I2C_MasterEnable	16	static
fsl_i2c.h:485:24:I2C_GetStatusFlags	16	static
fsl_i2c.h:505:20:I2C_MasterClearStatusFlags	16	static
fsl_i2c.h:523:20:I2C_EnableInterrupts	16	static
fsl_i2c.h:535:20:I2C_DisableInterrupts	16	static
fsl_i2c.h:615:24:I2C_MasterRepeatedStart	16	static
fsl_i2c.h:823:20:I2C_SlaveEnable	16	static
fsl_i2c.h:848:20:I2C_SlaveClearStatusFlags	16	static
fsl_i2c.c:82:10:I2C_GetInstance	24	static
fsl_i2c.c:111:6:I2C_MasterGetDefaultConfig	16	static
fsl_i2c.c:134:6:I2C_MasterInit	24	static
fsl_i2c.c:149:6:I2C_MasterDeinit	16	static
fsl_i2c.c:164:6:I2C_MasterSetBaudRate	48	static
fsl_i2c.c:226:17:I2C_PendingStatusWait	24	static
fsl_i2c.c:270:10:I2C_MasterStart	24	static
fsl_i2c.c:293:10:I2C_MasterStop	24	static
fsl_i2c.c:323:10:I2C_MasterWriteBlocking	40	static
fsl_i2c.c:432:10:I2C_MasterReadBlocking	40	static
fsl_i2c.c:532:10:I2C_MasterTransferBlocking	32	static
fsl_i2c.c:612:6:I2C_MasterTransferCreateHandle	32	static
fsl_i2c.c:650:10:I2C_MasterTransferNonBlocking	32	static
fsl_i2c.c:687:10:I2C_MasterTransferGetCount	24	static
fsl_i2c.c:719:10:I2C_MasterTransferAbort	24	static
fsl_i2c.c:767:17:I2C_InitTransferStateMachine	48	static
fsl_i2c.c:834:17:I2C_RunTransferStateMachine	48	static
fsl_i2c.c:1012:6:I2C_MasterTransferHandleIRQ	32	static
fsl_i2c.c:1048:13:I2C_SlaveInternalStateMachineReset	16	static
fsl_i2c.c:1062:17:I2C_SlaveDivVal	32	static
fsl_i2c.c:1115:17:I2C_SlavePollPending	24	static
fsl_i2c.c:1149:13:I2C_SlaveInvokeEvent	40	static
fsl_i2c.c:1187:13:I2C_SlaveAddressIRQ	32	static
fsl_i2c.c:1265:17:I2C_SlaveTransferNonBlockingInternal	32	static
fsl_i2c.c:1332:10:I2C_SlaveSetSendBuffer	40	static
fsl_i2c.c:1362:10:I2C_SlaveSetReceiveBuffer	40	static
fsl_i2c.c:1379:6:I2C_SlaveSetAddress	16	static
fsl_i2c.c:1408:6:I2C_SlaveGetDefaultConfig	40	static
fsl_i2c.c:1436:10:I2C_SlaveInit	32	static
fsl_i2c.c:1480:6:I2C_SlaveDeinit	16	static
fsl_i2c.c:1496:10:I2C_SlaveWriteBlocking	40	static
fsl_i2c.c:1583:10:I2C_SlaveReadBlocking	40	static
fsl_i2c.c:1671:6:I2C_SlaveTransferCreateHandle	32	static
fsl_i2c.c:1732:10:I2C_SlaveTransferNonBlocking	40	static
fsl_i2c.c:1746:10:I2C_SlaveTransferGetCount	24	static
fsl_i2c.c:1776:6:I2C_SlaveTransferAbort	16	static
fsl_i2c.c:1796:6:I2C_SlaveTransferHandleIRQ	40	static
