fsl_clock.h:722:20:CLOCK_EnableClock	24	static
fsl_clock.h:732:20:CLOCK_DisableClock	24	static
fsl_clock.h:966:22:CLOCK_IsPLL0Locked	4	static
fsl_clock.h:974:22:CLOCK_IsPLL1Locked	4	static
fsl_power.h:309:20:POWER_EnablePD	16	static
fsl_power.h:321:20:POWER_DisablePD	16	static
fsl_clock.c:104:6:CLOCK_AttachClk	32	static
fsl_clock.c:150:19:CLOCK_GetClockAttachId	48	static
fsl_clock.c:200:6:CLOCK_SetClkDiv	24	static
fsl_clock.c:225:6:CLOCK_SetRtc1khzClkDiv	16	static
fsl_clock.c:236:6:CLOCK_SetRtc1hzClkDiv	16	static
fsl_clock.c:257:10:CLOCK_SetupFROClocking	16	static
fsl_clock.c:291:6:CLOCK_SetFLASHAccessCyclesForFreq	24	static
fsl_clock.c:385:10:CLOCK_SetupExtClocking	16	static
fsl_clock.c:407:10:CLOCK_SetupI2SMClkClocking	16	static
fsl_clock.c:419:10:CLOCK_SetupPLUClkInClocking	16	static
fsl_clock.c:429:10:CLOCK_GetClockOutClkFreq	16	static
fsl_clock.c:478:10:CLOCK_GetAdcClkFreq	16	static
fsl_clock.c:509:10:CLOCK_GetUsb0ClkFreq	16	static
fsl_clock.c:543:10:CLOCK_GetUsb1ClkFreq	4	static
fsl_clock.c:552:10:CLOCK_GetMclkClkFreq	16	static
fsl_clock.c:580:10:CLOCK_GetSctClkFreq	16	static
fsl_clock.c:617:10:CLOCK_GetSdioClkFreq	16	static
fsl_clock.c:650:10:CLOCK_GetFro12MFreq	4	static
fsl_clock.c:659:10:CLOCK_GetFro1MFreq	4	static
fsl_clock.c:668:10:CLOCK_GetExtClkFreq	4	static
fsl_clock.c:677:10:CLOCK_GetWdtClkFreq	8	static
fsl_clock.c:686:10:CLOCK_GetFroHfFreq	4	static
fsl_clock.c:695:10:CLOCK_GetPll0OutFreq	4	static
fsl_clock.c:704:10:CLOCK_GetPll1OutFreq	4	static
fsl_clock.c:713:10:CLOCK_GetOsc32KFreq	4	static
fsl_clock.c:728:10:CLOCK_GetCoreSysClkFreq	16	static
fsl_clock.c:779:10:CLOCK_GetI2SMClkFreq	4	static
fsl_clock.c:788:10:CLOCK_GetPLUClkInFreq	4	static
fsl_clock.c:798:10:CLOCK_GetFlexCommInputClock	24	static
fsl_clock.c:838:10:CLOCK_GetFlexCommClkFreq	24	static
fsl_clock.c:849:10:CLOCK_GetHsLspiClkFreq	16	static
fsl_clock.c:889:10:CLOCK_GetCTimerClkFreq	24	static
fsl_clock.c:929:10:CLOCK_GetSystickClkFreq	24	static
fsl_clock.c:966:10:CLOCK_SetFlexCommClock	32	static
fsl_clock.c:988:10:CLOCK_GetFreq	24	static
fsl_clock.c:1031:13:pllFindSel	32	static
fsl_clock.c:1075:17:findPll0PreDiv	16	static
fsl_clock.c:1092:17:findPll1PreDiv	16	static
fsl_clock.c:1109:17:findPll0PostDiv	16	static
fsl_clock.c:1132:14:findPll0MMult	24	static
fsl_clock.c:1159:17:FindGreatestCommonDivisor	24	static
fsl_clock.c:1179:20:CLOCK_GetPll0ConfigInternal	112	static
fsl_clock.c:1349:20:CLOCK_GetPll0Config	32	static
fsl_clock.c:1397:13:CLOCK_GetPLL0OutFromSetupUpdate	16	static
fsl_clock.c:1406:10:CLOCK_GetPLL0InClockRate	16	static
fsl_clock.c:1437:10:CLOCK_GetPLL1InClockRate	16	static
fsl_clock.c:1472:10:CLOCK_GetPLL0OutFromSetup	40	static
fsl_clock.c:1503:6:CLOCK_SetStoredPLL0ClockRate	16	static
fsl_clock.c:1516:10:CLOCK_GetPLL0OutClockRate	56	static
fsl_clock.c:1545:13:CLOCK_SetupPLL0Data	24	static
fsl_clock.c:1588:13:CLOCK_SetupPLL0Prec	32	static
fsl_clock.c:1665:13:CLOCK_SetPLL0Freq	32	static
fsl_clock.c:1733:13:CLOCK_SetPLL1Freq	32	static
fsl_clock.c:1789:6:CLOCK_SetupPLL0Mult	48	static
fsl_clock.c:1853:6:CLOCK_EnableUsbfs0DeviceClock	56	static
fsl_clock.c:1915:6:CLOCK_EnableUsbfs0HostClock	56	static
fsl_clock.c:1974:6:CLOCK_EnableUsbhs0PhyPllClock	24	static
fsl_clock.c:2009:6:CLOCK_EnableUsbhs0DeviceClock	16	static
fsl_clock.c:2021:6:CLOCK_EnableUsbhs0HostClock	16	static
