core_cm33.h:2127:22:__NVIC_EnableIRQ	16	static
core_cm33.h:2163:22:__NVIC_DisableIRQ	16	static
core_cm33.h:2216:22:__NVIC_ClearPendingIRQ	16	static
fsl_clock.h:722:20:CLOCK_EnableClock	24	static
fsl_clock.h:732:20:CLOCK_DisableClock	24	static
fsl_common.h:460:28:EnableIRQ	16	static
fsl_common.h:498:28:DisableIRQ	16	static
fsl_pint.h:282:20:PINT_PinInterruptClrFallFlag	16	static
fsl_pint.h:341:20:PINT_PinInterruptClrRiseFlag	16	static
fsl_pint.c:49:6:PINT_Init	32	static
fsl_pint.c:170:6:PINT_PinInterruptConfig	24	static
fsl_pint.c:217:6:PINT_PinInterruptGetConfig	32	static
fsl_pint.c:285:6:PINT_PatternMatchConfig	48	static
fsl_pint.c:335:6:PINT_PatternMatchGetConfig	40	static
fsl_pint.c:371:10:PINT_PatternMatchResetDetectLogic	32	static
fsl_pint.c:398:6:PINT_PinInterruptClrStatus	24	static
fsl_pint.c:419:6:PINT_PinInterruptClrStatusAll	32	static
fsl_pint.c:451:6:PINT_EnableCallback	24	static
fsl_pint.c:475:6:PINT_EnableCallbackByIndex	16	static
fsl_pint.c:494:6:PINT_DisableCallback	24	static
fsl_pint.c:518:6:PINT_DisableCallbackByIndex	16	static
fsl_pint.c:536:6:PINT_Deinit	24	static
fsl_pint.c:633:6:SEC_GPIO_INT0_IRQ0_DriverIRQHandler	16	static
fsl_pint.c:658:6:SEC_GPIO_INT0_IRQ1_DriverIRQHandler	16	static
fsl_pint.c:684:6:PIN_INT0_DriverIRQHandler	16	static
fsl_pint.c:708:6:PIN_INT1_DriverIRQHandler	16	static
fsl_pint.c:733:6:PIN_INT2_DriverIRQHandler	16	static
fsl_pint.c:758:6:PIN_INT3_DriverIRQHandler	16	static
fsl_pint.c:783:6:PIN_INT4_DriverIRQHandler	16	static
fsl_pint.c:811:6:PIN_INT5_DriverIRQHandler	16	static
fsl_pint.c:840:6:PIN_INT6_DriverIRQHandler	16	static
fsl_pint.c:869:6:PIN_INT7_DriverIRQHandler	16	static
