system_LPC55S69_cm33_core0.c:61:17:findPll0PreDiv	16	static
system_LPC55S69_cm33_core0.c:78:17:findPll0PostDiv	16	static
system_LPC55S69_cm33_core0.c:101:14:findPll0MMult	24	static
system_LPC55S69_cm33_core0.c:126:17:findPll1PreDiv	16	static
system_LPC55S69_cm33_core0.c:143:17:findPll1PostDiv	16	static
system_LPC55S69_cm33_core0.c:166:17:findPll1MMult	16	static
system_LPC55S69_cm33_core0.c:183:17:CLOCK_GetFro12MFreq	4	static
system_LPC55S69_cm33_core0.c:192:17:CLOCK_GetFro1MFreq	4	static
system_LPC55S69_cm33_core0.c:201:17:CLOCK_GetExtClkFreq	4	static
system_LPC55S69_cm33_core0.c:210:17:CLOCK_GetFroHfFreq	4	static
system_LPC55S69_cm33_core0.c:219:17:CLOCK_GetOsc32KFreq	4	static
system_LPC55S69_cm33_core0.c:238:28:SystemInit	8	static
system_LPC55S69_cm33_core0.c:274:6:SystemCoreClockUpdate	56	static
system_LPC55S69_cm33_core0.c:378:28:SystemInitHook	4	static
