termio.c:30:13:term_out	16	static
termio.c:36:13:term_in	16	static
termio.c:48:13:num2str	40	static
termio.c:77:21:str2num	32	static
termio.c:93:13:term_ansi	48	static
termio.c:120:6:term_init	16	static
termio.c:134:6:term_clrscr	8	static
termio.c:142:6:term_clreol	8	static
termio.c:148:6:term_color	16	static
termio.c:161:6:term_gotoxy	16	static
termio.c:169:6:term_up	16	static
termio.c:176:6:term_down	16	static
termio.c:183:6:term_right	16	static
termio.c:190:6:term_left	16	static
termio.c:197:10:term_get_rows	4	static
termio.c:203:10:term_get_cols	4	static
termio.c:209:10:term_get_cx	4	static
termio.c:215:10:term_get_cy	4	static
termio.c:225:5:term_getc	16	static
termio.c:328:6:term_putc	16	static
termio.c:339:6:term_puts	16	static
termio.c:346:6:term_printf	96	static
termio.c:438:6:term_save_pos	8	static
termio.c:445:6:term_restore_pos	8	static
termio.c:465:5:readline	48	static
