core_cm33.h:2322:22:__NVIC_SetPriority	16	static
startup_lpc55s69_cm33_core0.c:336:6:data_init	4	static
startup_lpc55s69_cm33_core0.c:345:6:bss_init	0	static
startup_lpc55s69_cm33_core0.c:370:6:ResetISR	8	static
startup_lpc55s69_cm33_core0.c:465:14:NMI_Handler	0	static
startup_lpc55s69_cm33_core0.c:469:14:HardFault_Handler	0	static
startup_lpc55s69_cm33_core0.c:473:14:MemManage_Handler	0	static
startup_lpc55s69_cm33_core0.c:477:14:BusFault_Handler	0	static
startup_lpc55s69_cm33_core0.c:481:14:UsageFault_Handler	0	static
startup_lpc55s69_cm33_core0.c:485:14:SecureFault_Handler	0	static
startup_lpc55s69_cm33_core0.c:489:14:SVC_Handler	0	static
startup_lpc55s69_cm33_core0.c:493:14:DebugMon_Handler	0	static
startup_lpc55s69_cm33_core0.c:497:14:PendSV_Handler	0	static
startup_lpc55s69_cm33_core0.c:501:14:SysTick_Handler	0	static
startup_lpc55s69_cm33_core0.c:509:14:IntDefaultHandler	0	static
startup_lpc55s69_cm33_core0.c:519:11:WDT_BOD_IRQHandler	8	static
startup_lpc55s69_cm33_core0.c:523:11:DMA0_IRQHandler	8	static
startup_lpc55s69_cm33_core0.c:527:11:GINT0_IRQHandler	8	static
startup_lpc55s69_cm33_core0.c:531:11:GINT1_IRQHandler	8	static
startup_lpc55s69_cm33_core0.c:535:11:PIN_INT0_IRQHandler	8	static
startup_lpc55s69_cm33_core0.c:539:11:PIN_INT1_IRQHandler	8	static
startup_lpc55s69_cm33_core0.c:543:11:PIN_INT2_IRQHandler	8	static
startup_lpc55s69_cm33_core0.c:547:11:PIN_INT3_IRQHandler	8	static
startup_lpc55s69_cm33_core0.c:551:11:UTICK0_IRQHandler	8	static
startup_lpc55s69_cm33_core0.c:555:11:MRT0_IRQHandler	8	static
startup_lpc55s69_cm33_core0.c:559:11:CTIMER0_IRQHandler	8	static
startup_lpc55s69_cm33_core0.c:563:11:CTIMER1_IRQHandler	8	static
startup_lpc55s69_cm33_core0.c:567:11:SCT0_IRQHandler	8	static
startup_lpc55s69_cm33_core0.c:571:11:CTIMER3_IRQHandler	8	static
startup_lpc55s69_cm33_core0.c:575:11:FLEXCOMM0_IRQHandler	8	static
startup_lpc55s69_cm33_core0.c:579:11:FLEXCOMM1_IRQHandler	8	static
startup_lpc55s69_cm33_core0.c:583:11:FLEXCOMM2_IRQHandler	8	static
startup_lpc55s69_cm33_core0.c:587:11:FLEXCOMM3_IRQHandler	8	static
startup_lpc55s69_cm33_core0.c:591:11:FLEXCOMM4_IRQHandler	8	static
startup_lpc55s69_cm33_core0.c:595:11:FLEXCOMM5_IRQHandler	8	static
startup_lpc55s69_cm33_core0.c:599:11:FLEXCOMM6_IRQHandler	8	static
startup_lpc55s69_cm33_core0.c:603:11:FLEXCOMM7_IRQHandler	8	static
startup_lpc55s69_cm33_core0.c:607:11:ADC0_IRQHandler	8	static
startup_lpc55s69_cm33_core0.c:611:11:Reserved39_IRQHandler	8	static
startup_lpc55s69_cm33_core0.c:615:11:ACMP_IRQHandler	8	static
startup_lpc55s69_cm33_core0.c:619:11:Reserved41_IRQHandler	8	static
startup_lpc55s69_cm33_core0.c:623:11:Reserved42_IRQHandler	8	static
startup_lpc55s69_cm33_core0.c:627:11:USB0_NEEDCLK_IRQHandler	8	static
startup_lpc55s69_cm33_core0.c:631:11:USB0_IRQHandler	8	static
startup_lpc55s69_cm33_core0.c:635:11:RTC_IRQHandler	8	static
startup_lpc55s69_cm33_core0.c:639:11:Reserved46_IRQHandler	8	static
startup_lpc55s69_cm33_core0.c:643:11:MAILBOX_IRQHandler	8	static
startup_lpc55s69_cm33_core0.c:647:11:PIN_INT4_IRQHandler	8	static
startup_lpc55s69_cm33_core0.c:651:11:PIN_INT5_IRQHandler	8	static
startup_lpc55s69_cm33_core0.c:655:11:PIN_INT6_IRQHandler	8	static
startup_lpc55s69_cm33_core0.c:659:11:PIN_INT7_IRQHandler	8	static
startup_lpc55s69_cm33_core0.c:663:11:CTIMER2_IRQHandler	8	static
startup_lpc55s69_cm33_core0.c:667:11:CTIMER4_IRQHandler	8	static
startup_lpc55s69_cm33_core0.c:671:11:OS_EVENT_IRQHandler	8	static
startup_lpc55s69_cm33_core0.c:675:11:Reserved55_IRQHandler	8	static
startup_lpc55s69_cm33_core0.c:679:11:Reserved56_IRQHandler	8	static
startup_lpc55s69_cm33_core0.c:683:11:Reserved57_IRQHandler	8	static
startup_lpc55s69_cm33_core0.c:687:11:SDIO_IRQHandler	8	static
startup_lpc55s69_cm33_core0.c:691:11:Reserved59_IRQHandler	8	static
startup_lpc55s69_cm33_core0.c:695:11:Reserved60_IRQHandler	8	static
startup_lpc55s69_cm33_core0.c:699:11:Reserved61_IRQHandler	8	static
startup_lpc55s69_cm33_core0.c:703:11:USB1_PHY_IRQHandler	8	static
startup_lpc55s69_cm33_core0.c:707:11:USB1_IRQHandler	8	static
startup_lpc55s69_cm33_core0.c:711:11:USB1_NEEDCLK_IRQHandler	8	static
startup_lpc55s69_cm33_core0.c:715:11:SEC_HYPERVISOR_CALL_IRQHandler	8	static
startup_lpc55s69_cm33_core0.c:719:11:SEC_GPIO_INT0_IRQ0_IRQHandler	8	static
startup_lpc55s69_cm33_core0.c:723:11:SEC_GPIO_INT0_IRQ1_IRQHandler	8	static
startup_lpc55s69_cm33_core0.c:727:11:PLU_IRQHandler	8	static
startup_lpc55s69_cm33_core0.c:731:11:SEC_VIO_IRQHandler	8	static
startup_lpc55s69_cm33_core0.c:735:11:HASHCRYPT_IRQHandler	8	static
startup_lpc55s69_cm33_core0.c:739:11:CASER_IRQHandler	8	static
startup_lpc55s69_cm33_core0.c:743:11:PUF_IRQHandler	8	static
startup_lpc55s69_cm33_core0.c:747:11:PQ_IRQHandler	8	static
startup_lpc55s69_cm33_core0.c:751:11:DMA1_IRQHandler	8	static
startup_lpc55s69_cm33_core0.c:755:11:FLEXCOMM8_IRQHandler	8	static
