core_cm33.h:2322:22:__NVIC_SetPriority	16	static
core_cm33.h:2770:26:SysTick_Config	16	static
kernel.c:26:5:sys_add	16	static
kernel.c:36:9:svc_dispatch	16	static
kernel.c:78:6:sys_switch_ctx	4	static
kernel.c:92:6:sys_tick_cb	16	static
kernel.c:117:6:SysTick_Handler	8	static
kernel.c:133:9:sys_os_start	16	static
kernel.c:178:9:sys_task_new	24	static
kernel.c:208:9:sys_task_kill	16	static
kernel.c:229:9:sys_task_id	4	static
kernel.c:239:9:sys_task_yield	4	static
kernel.c:248:9:sys_task_wait	24	static
kernel.c:278:13:sys_sem_new	24	static
kernel.c:294:9:sys_sem_p	24	static
kernel.c:315:9:sys_sem_v	24	static
